Component: ARM Compiler 5.06 update 7 (build 960) Tool: armlink [4d3601]

==============================================================================

Section Cross References

    cortex-m3-start.o(RESET) refers to cortex-m3-start.o(STACK) for __initial_sp
    cortex-m3-start.o(RESET) refers to cortex-m3-start.o(.text) for Reset_Handler
    cortex-m3-start.o(RESET) refers to interrupt.o(i.SysTick_Handler) for SysTick_Handler
    cortex-m3-start.o(RESET) refers to can.o(i.USB_LP_CAN1_RX0_IRQHandler) for USB_LP_CAN1_RX0_IRQHandler
    cortex-m3-start.o(RESET) refers to interrupt.o(i.TIM2_IRQHandler) for TIM2_IRQHandler
    cortex-m3-start.o(RESET) refers to interrupt.o(i.USART1_IRQHandler) for USART1_IRQHandler
    cortex-m3-start.o(RESET) refers to interrupt.o(i.USART2_IRQHandler) for USART2_IRQHandler
    cortex-m3-start.o(RESET) refers to interrupt.o(i.USART3_IRQHandler) for USART3_IRQHandler
    cortex-m3-start.o(.text) refers to system.o(i.System_Init) for System_Init
    cortex-m3-start.o(.text) refers to __main.o(!!!main) for __main
    cortex-m3-start.o(.text) refers to cortex-m3-start.o(HEAP) for Heap_Mem
    cortex-m3-start.o(.text) refers to cortex-m3-start.o(STACK) for Stack_Mem
    interrupt.o(i.SysTick_Handler) refers to interrupt.o(.data) for SystemHeartbeatCount
    interrupt.o(i.SysTick_Handler) refers to usart.o(.bss) for Usart1
    interrupt.o(i.USART1_IRQHandler) refers to usart.o(.bss) for Usart1
    interrupt.o(i.USART2_IRQHandler) refers to usart.o(.bss) for Usart2
    interrupt.o(i.USART3_IRQHandler) refers to usart.o(.bss) for Usart3
    adc.o(i.ADC_Init) refers to gpio.o(i.GPIO_Init) for GPIO_Init
    adc.o(i.ADC_Init2) refers to gpio.o(i.GPIO_Init) for GPIO_Init
    can.o(i.CAN_Mode_Init) refers to gpio.o(i.GPIO_Init) for GPIO_Init
    can.o(i.CAN_Receive_Msg) refers to can.o(i.CAN_Msg_Pend) for CAN_Msg_Pend
    can.o(i.CAN_Receive_Msg) refers to can.o(i.CAN_Rx_Msg) for CAN_Rx_Msg
    can.o(i.CAN_Send_Msg) refers to can.o(i.CAN_Tx_Msg) for CAN_Tx_Msg
    can.o(i.CAN_Send_Msg) refers to can.o(i.CAN_Tx_Staus) for CAN_Tx_Staus
    can.o(i.USB_LP_CAN1_RX0_IRQHandler) refers to can.o(i.CAN_Rx_Msg) for CAN_Rx_Msg
    can.o(i.USB_LP_CAN1_RX0_IRQHandler) refers to can.o(i.CAN_Send_Msg) for CAN_Send_Msg
    dma.o(i.DMA_Channel1_Init) refers to adc.o(.data) for AdcValue
    flash.o(i.FLASH_Write_N_Byte) refers to flash.o(i.FLASH_Unlock) for FLASH_Unlock
    flash.o(i.FLASH_Write_N_Byte) refers to flash.o(i.FLASH_ErasePage) for FLASH_ErasePage
    flash.o(i.FLASH_Write_N_Byte) refers to flash.o(i.FLASH_Write_Word) for FLASH_Write_Word
    flash.o(i.FLASH_Write_N_Byte) refers to flash.o(i.FLASH_Lock) for FLASH_Lock
    flash.o(i.FLASH_Write_Practice) refers to flash.o(i.FLASH_Unlock) for FLASH_Unlock
    flash.o(i.FLASH_Write_Practice) refers to flash.o(i.FLASH_ErasePage) for FLASH_ErasePage
    flash.o(i.FLASH_Write_Practice) refers to flash.o(i.FLASH_Write_Word) for FLASH_Write_Word
    flash.o(i.FLASH_Write_Practice) refers to flash.o(i.FLASH_Lock) for FLASH_Lock
    system.o(i.Assert_Failed) refers to usart.o(i.USART1_Send_N_Byte) for USART1_Send_N_Byte
    system.o(i.Assert_Failed) refers to arithmetic.o(i.NumberToChar) for NumberToChar
    timer.o(i.PWM_TIM1_All_CH_Init) refers to gpio.o(i.GPIO_Init) for GPIO_Init
    timer.o(i.PWM_TIM1_CH1N_Init) refers to gpio.o(i.GPIO_Init) for GPIO_Init
    timer.o(i.PWM_TIM1_CH1_CH3_CH4_Init) refers to gpio.o(i.GPIO_Init) for GPIO_Init
    timer.o(i.PWM_TIM1_CH1_Init) refers to gpio.o(i.GPIO_Init) for GPIO_Init
    timer.o(i.PWM_TIM1_CH2N_Init) refers to gpio.o(i.GPIO_Init) for GPIO_Init
    timer.o(i.PWM_TIM1_CH3N_Init) refers to gpio.o(i.GPIO_Init) for GPIO_Init
    timer.o(i.PWM_TIM1_CH4_Init) refers to gpio.o(i.GPIO_Init) for GPIO_Init
    timer.o(i.PWM_TIM2_CH1_Init) refers to gpio.o(i.GPIO_Init) for GPIO_Init
    timer.o(i.PWM_TIM2_CH2_Init) refers to gpio.o(i.GPIO_Init) for GPIO_Init
    timer.o(i.PWM_TIM3_All_CH_Init) refers to gpio.o(i.GPIO_Init) for GPIO_Init
    timer.o(i.PWM_TIM3_CH1_Init) refers to gpio.o(i.GPIO_Init) for GPIO_Init
    timer.o(i.PWM_TIM3_CH2_Init) refers to gpio.o(i.GPIO_Init) for GPIO_Init
    timer.o(i.PWM_TIM3_CH3_Init) refers to gpio.o(i.GPIO_Init) for GPIO_Init
    timer.o(i.PWM_TIM3_CH4_Init) refers to gpio.o(i.GPIO_Init) for GPIO_Init
    timer.o(i.PWM_TIM4_All_CH_Init) refers to gpio.o(i.GPIO_Init) for GPIO_Init
    timer.o(i.PWM_TIM4_CH1_Init) refers to gpio.o(i.GPIO_Init) for GPIO_Init
    usart.o(i.USART1_Init) refers to gpio.o(i.GPIO_Init) for GPIO_Init
    usart.o(i.USART1_Init) refers to usart.o(.bss) for Usart1
    usart.o(i.USART1_RxBufferDeal) refers to usart.o(i.USART1_Send_N_Byte) for USART1_Send_N_Byte
    usart.o(i.USART1_RxBufferDeal) refers to usart.o(.bss) for Usart1
    usart.o(i.USART1_Send_N_Byte) refers to usart.o(.bss) for Usart1
    usart.o(i.USART1_Send_Number) refers to arithmetic.o(i.NumberToChar) for NumberToChar
    usart.o(i.USART1_Send_Number) refers to usart.o(.bss) for Usart1
    usart.o(i.USART1_Send_String) refers to usart.o(.bss) for Usart1
    usart.o(i.USART2_Init) refers to gpio.o(i.GPIO_Init) for GPIO_Init
    usart.o(i.USART2_Init) refers to usart.o(.bss) for Usart2
    usart.o(i.USART2_RxBufferDeal) refers to usart.o(i.USART2_Send_N_Byte) for USART2_Send_N_Byte
    usart.o(i.USART2_RxBufferDeal) refers to usart.o(.bss) for Usart2
    usart.o(i.USART2_Send_N_Byte) refers to usart.o(.bss) for Usart2
    usart.o(i.USART2_Send_Number) refers to arithmetic.o(i.NumberToChar) for NumberToChar
    usart.o(i.USART2_Send_Number) refers to usart.o(.bss) for Usart2
    usart.o(i.USART2_Send_String) refers to usart.o(.bss) for Usart2
    usart.o(i.USART3_Init) refers to gpio.o(i.GPIO_Init) for GPIO_Init
    usart.o(i.USART3_Init) refers to usart.o(.bss) for Usart3
    usart.o(i.USART3_RxBufferDeal) refers to usart.o(i.USART3_Send_N_Byte) for USART3_Send_N_Byte
    usart.o(i.USART3_RxBufferDeal) refers to usart.o(.bss) for Usart3
    usart.o(i.USART3_Send_N_Byte) refers to usart.o(.bss) for Usart3
    usart.o(i.USART3_Send_Number) refers to arithmetic.o(i.NumberToChar) for NumberToChar
    usart.o(i.USART3_Send_Number) refers to usart.o(.bss) for Usart3
    usart.o(i.USART3_Send_String) refers to usart.o(.bss) for Usart3
    usart.o(i.USART_Transmission_Deal) refers to usart.o(.bss) for Usart1
    usart.o(i.fputc) refers to usart.o(i.USART1_Send_N_Byte) for USART1_Send_N_Byte
    spi.o(i.SPI2_Init) refers to gpio.o(i.GPIO_Init) for GPIO_Init
    spi.o(i.SPI2_Init) refers to spi.o(i.SPI2_ReadWriteByte) for SPI2_ReadWriteByte
    i2c.o(i.I2C1_Init) refers to gpio.o(i.GPIO_Init) for GPIO_Init
    i2c.o(i.I2C1_Is_Ack) refers to gpio.o(i.GPIO_Init) for GPIO_Init
    i2c.o(i.I2C1_Read_Byte) refers to gpio.o(i.GPIO_Init) for GPIO_Init
    i2c.o(i.I2C1_Read_Byte) refers to i2c.o(i.I2C1_Is_Ack) for I2C1_Is_Ack
    i2c.o(i.I2C1_Read_N_Byte) refers to i2c.o(i.I2C1_Start) for I2C1_Start
    i2c.o(i.I2C1_Read_N_Byte) refers to i2c.o(i.I2C1_Send_Byte) for I2C1_Send_Byte
    i2c.o(i.I2C1_Read_N_Byte) refers to i2c.o(i.I2C1_Wait_Ack) for I2C1_Wait_Ack
    i2c.o(i.I2C1_Read_N_Byte) refers to i2c.o(i.I2C1_Read_Byte) for I2C1_Read_Byte
    i2c.o(i.I2C1_Read_N_Byte) refers to i2c.o(i.I2C1_Stop) for I2C1_Stop
    i2c.o(i.I2C1_Read_N_Byte16) refers to i2c.o(i.I2C1_Start) for I2C1_Start
    i2c.o(i.I2C1_Read_N_Byte16) refers to i2c.o(i.I2C1_Send_Byte) for I2C1_Send_Byte
    i2c.o(i.I2C1_Read_N_Byte16) refers to i2c.o(i.I2C1_Wait_Ack) for I2C1_Wait_Ack
    i2c.o(i.I2C1_Read_N_Byte16) refers to i2c.o(i.I2C1_Read_Byte) for I2C1_Read_Byte
    i2c.o(i.I2C1_Read_N_Byte16) refers to i2c.o(i.I2C1_Stop) for I2C1_Stop
    i2c.o(i.I2C1_Read_One_Byte) refers to i2c.o(i.I2C1_Start) for I2C1_Start
    i2c.o(i.I2C1_Read_One_Byte) refers to i2c.o(i.I2C1_Send_Byte) for I2C1_Send_Byte
    i2c.o(i.I2C1_Read_One_Byte) refers to i2c.o(i.I2C1_Wait_Ack) for I2C1_Wait_Ack
    i2c.o(i.I2C1_Read_One_Byte) refers to i2c.o(i.I2C1_Read_Byte) for I2C1_Read_Byte
    i2c.o(i.I2C1_Read_One_Byte) refers to i2c.o(i.I2C1_Stop) for I2C1_Stop
    i2c.o(i.I2C1_Read_One_Byte16) refers to i2c.o(i.I2C1_Start) for I2C1_Start
    i2c.o(i.I2C1_Read_One_Byte16) refers to i2c.o(i.I2C1_Send_Byte) for I2C1_Send_Byte
    i2c.o(i.I2C1_Read_One_Byte16) refers to i2c.o(i.I2C1_Wait_Ack) for I2C1_Wait_Ack
    i2c.o(i.I2C1_Read_One_Byte16) refers to i2c.o(i.I2C1_Read_Byte) for I2C1_Read_Byte
    i2c.o(i.I2C1_Read_One_Byte16) refers to i2c.o(i.I2C1_Stop) for I2C1_Stop
    i2c.o(i.I2C1_Send_Byte) refers to gpio.o(i.GPIO_Init) for GPIO_Init
    i2c.o(i.I2C1_Start) refers to gpio.o(i.GPIO_Init) for GPIO_Init
    i2c.o(i.I2C1_Stop) refers to gpio.o(i.GPIO_Init) for GPIO_Init
    i2c.o(i.I2C1_Wait_Ack) refers to gpio.o(i.GPIO_Init) for GPIO_Init
    i2c.o(i.I2C1_Write_N_Byte) refers to i2c.o(i.I2C1_Start) for I2C1_Start
    i2c.o(i.I2C1_Write_N_Byte) refers to i2c.o(i.I2C1_Send_Byte) for I2C1_Send_Byte
    i2c.o(i.I2C1_Write_N_Byte) refers to i2c.o(i.I2C1_Wait_Ack) for I2C1_Wait_Ack
    i2c.o(i.I2C1_Write_N_Byte) refers to i2c.o(i.I2C1_Stop) for I2C1_Stop
    i2c.o(i.I2C1_Write_N_Byte16) refers to i2c.o(i.I2C1_Start) for I2C1_Start
    i2c.o(i.I2C1_Write_N_Byte16) refers to i2c.o(i.I2C1_Send_Byte) for I2C1_Send_Byte
    i2c.o(i.I2C1_Write_N_Byte16) refers to i2c.o(i.I2C1_Wait_Ack) for I2C1_Wait_Ack
    i2c.o(i.I2C1_Write_N_Byte16) refers to i2c.o(i.I2C1_Stop) for I2C1_Stop
    i2c.o(i.I2C1_Write_One_Byte) refers to i2c.o(i.I2C1_Start) for I2C1_Start
    i2c.o(i.I2C1_Write_One_Byte) refers to i2c.o(i.I2C1_Send_Byte) for I2C1_Send_Byte
    i2c.o(i.I2C1_Write_One_Byte) refers to i2c.o(i.I2C1_Wait_Ack) for I2C1_Wait_Ack
    i2c.o(i.I2C1_Write_One_Byte) refers to i2c.o(i.I2C1_Stop) for I2C1_Stop
    i2c.o(i.I2C1_Write_One_Byte16) refers to i2c.o(i.I2C1_Start) for I2C1_Start
    i2c.o(i.I2C1_Write_One_Byte16) refers to i2c.o(i.I2C1_Send_Byte) for I2C1_Send_Byte
    i2c.o(i.I2C1_Write_One_Byte16) refers to i2c.o(i.I2C1_Wait_Ack) for I2C1_Wait_Ack
    i2c.o(i.I2C1_Write_One_Byte16) refers to i2c.o(i.I2C1_Stop) for I2C1_Stop
    device.o(i.Device_Init) refers to gpio.o(i.GPIO_Init) for GPIO_Init
    spiflash.o(i.SPI_Flash_Block_Erase) refers to spiflash.o(i.SPI_Flash_Write_Enable) for SPI_Flash_Write_Enable
    spiflash.o(i.SPI_Flash_Block_Erase) refers to spiflash.o(i.SPI_Read_Write_Byte) for SPI_Read_Write_Byte
    spiflash.o(i.SPI_Flash_Block_Erase) refers to spiflash.o(i.SPI_Flash_Wait_Busy) for SPI_Flash_Wait_Busy
    spiflash.o(i.SPI_Flash_Chip_Erase) refers to spiflash.o(i.SPI_Flash_Write_Enable) for SPI_Flash_Write_Enable
    spiflash.o(i.SPI_Flash_Chip_Erase) refers to spiflash.o(i.SPI_Read_Write_Byte) for SPI_Read_Write_Byte
    spiflash.o(i.SPI_Flash_Chip_Erase) refers to spiflash.o(i.SPI_Flash_Wait_Busy) for SPI_Flash_Wait_Busy
    spiflash.o(i.SPI_Flash_Erase_N_Byte) refers to spiflash.o(i.SPI_Flash_Sector_Erase) for SPI_Flash_Sector_Erase
    spiflash.o(i.SPI_Flash_Erase_Write_N_Byte) refers to spiflash.o(i.SPI_Flash_Read_N_Byte) for SPI_Flash_Read_N_Byte
    spiflash.o(i.SPI_Flash_Erase_Write_N_Byte) refers to spiflash.o(i.SPI_Flash_Is_All_FF) for SPI_Flash_Is_All_FF
    spiflash.o(i.SPI_Flash_Erase_Write_N_Byte) refers to spiflash.o(i.SPI_Flash_Sector_Erase) for SPI_Flash_Sector_Erase
    spiflash.o(i.SPI_Flash_Erase_Write_N_Byte) refers to spiflash.o(i.SPI_Flash_Write_Page) for SPI_Flash_Write_Page
    spiflash.o(i.SPI_Flash_Erase_Write_N_Byte) refers to spiflash.o(.bss) for SpiFlashBuf
    spiflash.o(i.SPI_Flash_Init) refers to gpio.o(i.GPIO_Init) for GPIO_Init
    spiflash.o(i.SPI_Flash_Read_ID) refers to spiflash.o(i.SPI_Read_Write_Byte) for SPI_Read_Write_Byte
    spiflash.o(i.SPI_Flash_Read_N_Byte) refers to spiflash.o(i.SPI_Read_Write_Byte) for SPI_Read_Write_Byte
    spiflash.o(i.SPI_Flash_Read_SR) refers to spiflash.o(i.SPI_Read_Write_Byte) for SPI_Read_Write_Byte
    spiflash.o(i.SPI_Flash_Sector_Erase) refers to spiflash.o(i.SPI_Flash_Write_Enable) for SPI_Flash_Write_Enable
    spiflash.o(i.SPI_Flash_Sector_Erase) refers to spiflash.o(i.SPI_Read_Write_Byte) for SPI_Read_Write_Byte
    spiflash.o(i.SPI_Flash_Sector_Erase) refers to spiflash.o(i.SPI_Flash_Wait_Busy) for SPI_Flash_Wait_Busy
    spiflash.o(i.SPI_Flash_Wait_Busy) refers to spiflash.o(i.SPI_Read_Write_Byte) for SPI_Read_Write_Byte
    spiflash.o(i.SPI_Flash_Write_Disable) refers to spiflash.o(i.SPI_Read_Write_Byte) for SPI_Read_Write_Byte
    spiflash.o(i.SPI_Flash_Write_Enable) refers to spiflash.o(i.SPI_Read_Write_Byte) for SPI_Read_Write_Byte
    spiflash.o(i.SPI_Flash_Write_N_Byte) refers to spiflash.o(i.SPI_Flash_Write_Page) for SPI_Flash_Write_Page
    spiflash.o(i.SPI_Flash_Write_Page) refers to spiflash.o(i.SPI_Flash_Write_Enable) for SPI_Flash_Write_Enable
    spiflash.o(i.SPI_Flash_Write_Page) refers to spiflash.o(i.SPI_Read_Write_Byte) for SPI_Read_Write_Byte
    spiflash.o(i.SPI_Flash_Write_Page) refers to spiflash.o(i.SPI_Flash_Wait_Busy) for SPI_Flash_Wait_Busy
    spiflash.o(i.SPI_Flash_Write_SR) refers to spiflash.o(i.SPI_Read_Write_Byte) for SPI_Read_Write_Byte
    flashapply.o(i.System_Param_Init) refers to flashapply.o(i.System_Read_Param) for System_Read_Param
    flashapply.o(i.System_Param_Init) refers to flashapply.o(i.System_Write_Param) for System_Write_Param
    flashapply.o(i.System_Param_Init) refers to flashapply.o(.bss) for SystemParamStruct
    flashapply.o(i.System_Read_Param) refers to flash.o(i.FLASH_Read_N_Byte) for FLASH_Read_N_Byte
    flashapply.o(i.System_Read_Param) refers to flashapply.o(.bss) for SystemParamStruct
    flashapply.o(i.System_Write_Param) refers to flash.o(i.FLASH_Write_N_Byte) for FLASH_Write_N_Byte
    flashapply.o(i.System_Write_Param) refers to flashapply.o(.bss) for SystemParamStruct
    arithmetic.o(i.Get_One_Byte_Random_Number) refers to arithmetic.o(.constdata) for RandomVariateArray
    arithmetic.o(i.Get_One_Byte_Random_Number) refers to interrupt.o(.data) for SystemHeartbeatCount
    arithmetic.o(i.Is_Simple_Eual_Str) refers to system.o(i.Assert_Failed) for Assert_Failed
    arithmetic.o(i.Xor_Encryption_Deal) refers to arithmetic.o(.constdata) for RandomVariateArray
    main.o(i.main) refers to system.o(i.NVIC_Configuration) for NVIC_Configuration
    main.o(i.main) refers to system.o(i.SysTick_Init) for SysTick_Init
    main.o(i.main) refers to timer.o(i.TIM2_Init) for TIM2_Init
    main.o(i.main) refers to usart.o(i.USART1_Init) for USART1_Init
    main.o(i.main) refers to usart.o(i.USART2_Init) for USART2_Init
    main.o(i.main) refers to usart.o(i.USART3_Init) for USART3_Init
    main.o(i.main) refers to device.o(i.Device_Init) for Device_Init
    main.o(i.main) refers to segger_rtt.o(i.SEGGER_RTT_Init) for SEGGER_RTT_Init
    main.o(i.main) refers to segger_rtt_printf.o(i.SEGGER_RTT_printf) for SEGGER_RTT_printf
    main.o(i.main) refers to system.o(i.System_Reset) for System_Reset
    main.o(i.main) refers to delay.o(i.Delay_N_ms) for Delay_N_ms
    main.o(i.main) refers to main.o(.ARM.__AT_0x20000000) for num
    main.o(i.main) refers to main.o(.data) for var
    segger_rtt.o(i.SEGGER_RTT_AllocDownBuffer) refers to segger_rtt.o(i._DoInit) for _DoInit
    segger_rtt.o(i.SEGGER_RTT_AllocDownBuffer) refers to segger_rtt.o(.bss) for _SEGGER_RTT
    segger_rtt.o(i.SEGGER_RTT_AllocUpBuffer) refers to segger_rtt.o(i._DoInit) for _DoInit
    segger_rtt.o(i.SEGGER_RTT_AllocUpBuffer) refers to segger_rtt.o(.bss) for _SEGGER_RTT
    segger_rtt.o(i.SEGGER_RTT_ConfigDownBuffer) refers to segger_rtt.o(i._DoInit) for _DoInit
    segger_rtt.o(i.SEGGER_RTT_ConfigDownBuffer) refers to segger_rtt.o(.bss) for _SEGGER_RTT
    segger_rtt.o(i.SEGGER_RTT_ConfigUpBuffer) refers to segger_rtt.o(i._DoInit) for _DoInit
    segger_rtt.o(i.SEGGER_RTT_ConfigUpBuffer) refers to segger_rtt.o(.bss) for _SEGGER_RTT
    segger_rtt.o(i.SEGGER_RTT_GetAvailWriteSpace) refers to segger_rtt.o(i._GetAvailWriteSpace) for _GetAvailWriteSpace
    segger_rtt.o(i.SEGGER_RTT_GetAvailWriteSpace) refers to segger_rtt.o(.bss) for _SEGGER_RTT
    segger_rtt.o(i.SEGGER_RTT_GetBytesInBuffer) refers to segger_rtt.o(.bss) for _SEGGER_RTT
    segger_rtt.o(i.SEGGER_RTT_GetKey) refers to segger_rtt.o(i.SEGGER_RTT_Read) for SEGGER_RTT_Read
    segger_rtt.o(i.SEGGER_RTT_HasData) refers to segger_rtt.o(.bss) for _SEGGER_RTT
    segger_rtt.o(i.SEGGER_RTT_HasDataUp) refers to segger_rtt.o(.bss) for _SEGGER_RTT
    segger_rtt.o(i.SEGGER_RTT_HasKey) refers to segger_rtt.o(i._DoInit) for _DoInit
    segger_rtt.o(i.SEGGER_RTT_HasKey) refers to segger_rtt.o(.bss) for _SEGGER_RTT
    segger_rtt.o(i.SEGGER_RTT_Init) refers to segger_rtt.o(i._DoInit) for _DoInit
    segger_rtt.o(i.SEGGER_RTT_PutChar) refers to segger_rtt.o(i._DoInit) for _DoInit
    segger_rtt.o(i.SEGGER_RTT_PutChar) refers to segger_rtt.o(.bss) for _SEGGER_RTT
    segger_rtt.o(i.SEGGER_RTT_PutCharSkip) refers to segger_rtt.o(i._DoInit) for _DoInit
    segger_rtt.o(i.SEGGER_RTT_PutCharSkip) refers to segger_rtt.o(.bss) for _SEGGER_RTT
    segger_rtt.o(i.SEGGER_RTT_PutCharSkipNoLock) refers to segger_rtt.o(.bss) for _SEGGER_RTT
    segger_rtt.o(i.SEGGER_RTT_Read) refers to segger_rtt.o(i.SEGGER_RTT_ReadNoLock) for SEGGER_RTT_ReadNoLock
    segger_rtt.o(i.SEGGER_RTT_ReadNoLock) refers to segger_rtt.o(i._DoInit) for _DoInit
    segger_rtt.o(i.SEGGER_RTT_ReadNoLock) refers to rt_memcpy_v6.o(.text) for __aeabi_memcpy
    segger_rtt.o(i.SEGGER_RTT_ReadNoLock) refers to segger_rtt.o(.bss) for _SEGGER_RTT
    segger_rtt.o(i.SEGGER_RTT_ReadUpBuffer) refers to segger_rtt.o(i.SEGGER_RTT_ReadUpBufferNoLock) for SEGGER_RTT_ReadUpBufferNoLock
    segger_rtt.o(i.SEGGER_RTT_ReadUpBufferNoLock) refers to segger_rtt.o(i._DoInit) for _DoInit
    segger_rtt.o(i.SEGGER_RTT_ReadUpBufferNoLock) refers to rt_memcpy_v6.o(.text) for __aeabi_memcpy
    segger_rtt.o(i.SEGGER_RTT_ReadUpBufferNoLock) refers to segger_rtt.o(.bss) for _SEGGER_RTT
    segger_rtt.o(i.SEGGER_RTT_SetFlagsDownBuffer) refers to segger_rtt.o(i._DoInit) for _DoInit
    segger_rtt.o(i.SEGGER_RTT_SetFlagsDownBuffer) refers to segger_rtt.o(.bss) for _SEGGER_RTT
    segger_rtt.o(i.SEGGER_RTT_SetFlagsUpBuffer) refers to segger_rtt.o(i._DoInit) for _DoInit
    segger_rtt.o(i.SEGGER_RTT_SetFlagsUpBuffer) refers to segger_rtt.o(.bss) for _SEGGER_RTT
    segger_rtt.o(i.SEGGER_RTT_SetNameDownBuffer) refers to segger_rtt.o(i._DoInit) for _DoInit
    segger_rtt.o(i.SEGGER_RTT_SetNameDownBuffer) refers to segger_rtt.o(.bss) for _SEGGER_RTT
    segger_rtt.o(i.SEGGER_RTT_SetNameUpBuffer) refers to segger_rtt.o(i._DoInit) for _DoInit
    segger_rtt.o(i.SEGGER_RTT_SetNameUpBuffer) refers to segger_rtt.o(.bss) for _SEGGER_RTT
    segger_rtt.o(i.SEGGER_RTT_SetTerminal) refers to segger_rtt.o(i._DoInit) for _DoInit
    segger_rtt.o(i.SEGGER_RTT_SetTerminal) refers to segger_rtt.o(i._WriteBlocking) for _WriteBlocking
    segger_rtt.o(i.SEGGER_RTT_SetTerminal) refers to segger_rtt.o(i._GetAvailWriteSpace) for _GetAvailWriteSpace
    segger_rtt.o(i.SEGGER_RTT_SetTerminal) refers to segger_rtt.o(i._WriteNoCheck) for _WriteNoCheck
    segger_rtt.o(i.SEGGER_RTT_SetTerminal) refers to segger_rtt.o(.bss) for _SEGGER_RTT
    segger_rtt.o(i.SEGGER_RTT_SetTerminal) refers to segger_rtt.o(.data) for _aTerminalId
    segger_rtt.o(i.SEGGER_RTT_TerminalOut) refers to segger_rtt.o(i._DoInit) for _DoInit
    segger_rtt.o(i.SEGGER_RTT_TerminalOut) refers to strlen.o(.text) for strlen
    segger_rtt.o(i.SEGGER_RTT_TerminalOut) refers to segger_rtt.o(i._GetAvailWriteSpace) for _GetAvailWriteSpace
    segger_rtt.o(i.SEGGER_RTT_TerminalOut) refers to segger_rtt.o(i._PostTerminalSwitch) for _PostTerminalSwitch
    segger_rtt.o(i.SEGGER_RTT_TerminalOut) refers to segger_rtt.o(i._WriteBlocking) for _WriteBlocking
    segger_rtt.o(i.SEGGER_RTT_TerminalOut) refers to segger_rtt.o(.bss) for _SEGGER_RTT
    segger_rtt.o(i.SEGGER_RTT_TerminalOut) refers to segger_rtt.o(.data) for _ActiveTerminal
    segger_rtt.o(i.SEGGER_RTT_WaitKey) refers to segger_rtt.o(i.SEGGER_RTT_GetKey) for SEGGER_RTT_GetKey
    segger_rtt.o(i.SEGGER_RTT_Write) refers to segger_rtt.o(i._DoInit) for _DoInit
    segger_rtt.o(i.SEGGER_RTT_Write) refers to segger_rtt.o(i.SEGGER_RTT_WriteNoLock) for SEGGER_RTT_WriteNoLock
    segger_rtt.o(i.SEGGER_RTT_Write) refers to segger_rtt.o(.bss) for _SEGGER_RTT
    segger_rtt.o(i.SEGGER_RTT_WriteDownBuffer) refers to segger_rtt.o(i._DoInit) for _DoInit
    segger_rtt.o(i.SEGGER_RTT_WriteDownBuffer) refers to segger_rtt.o(i.SEGGER_RTT_WriteDownBufferNoLock) for SEGGER_RTT_WriteDownBufferNoLock
    segger_rtt.o(i.SEGGER_RTT_WriteDownBuffer) refers to segger_rtt.o(.bss) for _SEGGER_RTT
    segger_rtt.o(i.SEGGER_RTT_WriteDownBufferNoLock) refers to segger_rtt.o(i._GetAvailWriteSpace) for _GetAvailWriteSpace
    segger_rtt.o(i.SEGGER_RTT_WriteDownBufferNoLock) refers to segger_rtt.o(i._WriteNoCheck) for _WriteNoCheck
    segger_rtt.o(i.SEGGER_RTT_WriteDownBufferNoLock) refers to segger_rtt.o(i._WriteBlocking) for _WriteBlocking
    segger_rtt.o(i.SEGGER_RTT_WriteDownBufferNoLock) refers to segger_rtt.o(.bss) for _SEGGER_RTT
    segger_rtt.o(i.SEGGER_RTT_WriteNoLock) refers to segger_rtt.o(i._GetAvailWriteSpace) for _GetAvailWriteSpace
    segger_rtt.o(i.SEGGER_RTT_WriteNoLock) refers to segger_rtt.o(i._WriteNoCheck) for _WriteNoCheck
    segger_rtt.o(i.SEGGER_RTT_WriteNoLock) refers to segger_rtt.o(i._WriteBlocking) for _WriteBlocking
    segger_rtt.o(i.SEGGER_RTT_WriteNoLock) refers to segger_rtt.o(.bss) for _SEGGER_RTT
    segger_rtt.o(i.SEGGER_RTT_WriteSkipNoLock) refers to rt_memcpy_v6.o(.text) for __aeabi_memcpy
    segger_rtt.o(i.SEGGER_RTT_WriteSkipNoLock) refers to segger_rtt.o(.bss) for _SEGGER_RTT
    segger_rtt.o(i.SEGGER_RTT_WriteString) refers to strlen.o(.text) for strlen
    segger_rtt.o(i.SEGGER_RTT_WriteString) refers to segger_rtt.o(i.SEGGER_RTT_Write) for SEGGER_RTT_Write
    segger_rtt.o(i.SEGGER_RTT_WriteWithOverwriteNoLock) refers to rt_memcpy_v6.o(.text) for __aeabi_memcpy
    segger_rtt.o(i.SEGGER_RTT_WriteWithOverwriteNoLock) refers to segger_rtt.o(.bss) for _SEGGER_RTT
    segger_rtt.o(i._DoInit) refers to strcpy.o(.text) for strcpy
    segger_rtt.o(i._DoInit) refers to segger_rtt.o(.bss) for _SEGGER_RTT
    segger_rtt.o(i._PostTerminalSwitch) refers to segger_rtt.o(i._WriteBlocking) for _WriteBlocking
    segger_rtt.o(i._PostTerminalSwitch) refers to segger_rtt.o(.data) for _aTerminalId
    segger_rtt.o(i._WriteBlocking) refers to rt_memcpy_v6.o(.text) for __aeabi_memcpy
    segger_rtt.o(i._WriteNoCheck) refers to rt_memcpy_v6.o(.text) for __aeabi_memcpy
    segger_rtt_printf.o(i.SEGGER_RTT_printf) refers to segger_rtt_printf.o(i.SEGGER_RTT_vprintf) for SEGGER_RTT_vprintf
    segger_rtt_printf.o(i.SEGGER_RTT_vprintf) refers to segger_rtt_printf.o(i._StoreChar) for _StoreChar
    segger_rtt_printf.o(i.SEGGER_RTT_vprintf) refers to segger_rtt_printf.o(i._PrintInt) for _PrintInt
    segger_rtt_printf.o(i.SEGGER_RTT_vprintf) refers to segger_rtt_printf.o(i._PrintUnsigned) for _PrintUnsigned
    segger_rtt_printf.o(i.SEGGER_RTT_vprintf) refers to segger_rtt.o(i.SEGGER_RTT_Write) for SEGGER_RTT_Write
    segger_rtt_printf.o(i._PrintInt) refers to segger_rtt_printf.o(i._StoreChar) for _StoreChar
    segger_rtt_printf.o(i._PrintInt) refers to segger_rtt_printf.o(i._PrintUnsigned) for _PrintUnsigned
    segger_rtt_printf.o(i._PrintUnsigned) refers to segger_rtt_printf.o(i._StoreChar) for _StoreChar
    segger_rtt_printf.o(i._PrintUnsigned) refers to segger_rtt_printf.o(.constdata) for _aV2C
    segger_rtt_printf.o(i._StoreChar) refers to segger_rtt.o(i.SEGGER_RTT_Write) for SEGGER_RTT_Write
    rt_memcpy_v6.o(.text) refers to rt_memcpy_w.o(.text) for __aeabi_memcpy4
    __main.o(!!!main) refers to __rtentry.o(.ARM.Collect$$rtentry$$00000000) for __rt_entry
    __rtentry.o(.ARM.Collect$$rtentry$$00000000) refers (Special) to __rtentry2.o(.ARM.Collect$$rtentry$$0000000A) for __rt_entry_li
    __rtentry.o(.ARM.Collect$$rtentry$$00000000) refers (Special) to __rtentry2.o(.ARM.Collect$$rtentry$$0000000D) for __rt_entry_main
    __rtentry.o(.ARM.Collect$$rtentry$$00000000) refers (Special) to __rtentry2.o(.ARM.Collect$$rtentry$$0000000C) for __rt_entry_postli_1
    __rtentry.o(.ARM.Collect$$rtentry$$00000000) refers (Special) to __rtentry2.o(.ARM.Collect$$rtentry$$00000009) for __rt_entry_postsh_1
    __rtentry.o(.ARM.Collect$$rtentry$$00000000) refers (Special) to __rtentry2.o(.ARM.Collect$$rtentry$$00000002) for __rt_entry_presh_1
    __rtentry.o(.ARM.Collect$$rtentry$$00000000) refers (Special) to __rtentry4.o(.ARM.Collect$$rtentry$$00000004) for __rt_entry_sh
    __rtentry2.o(.ARM.Collect$$rtentry$$00000008) refers to boardinit2.o(.text) for _platform_post_stackheap_init
    __rtentry2.o(.ARM.Collect$$rtentry$$0000000A) refers to libinit.o(.ARM.Collect$$libinit$$00000000) for __rt_lib_init
    __rtentry2.o(.ARM.Collect$$rtentry$$0000000B) refers to boardinit3.o(.text) for _platform_post_lib_init
    __rtentry2.o(.ARM.Collect$$rtentry$$0000000D) refers to main.o(i.main) for main
    __rtentry2.o(.ARM.Collect$$rtentry$$0000000D) refers to exit.o(.text) for exit
    __rtentry2.o(.ARM.exidx) refers to __rtentry2.o(.ARM.Collect$$rtentry$$00000001) for .ARM.Collect$$rtentry$$00000001
    __rtentry2.o(.ARM.exidx) refers to __rtentry2.o(.ARM.Collect$$rtentry$$00000008) for .ARM.Collect$$rtentry$$00000008
    __rtentry2.o(.ARM.exidx) refers to __rtentry2.o(.ARM.Collect$$rtentry$$0000000A) for .ARM.Collect$$rtentry$$0000000A
    __rtentry2.o(.ARM.exidx) refers to __rtentry2.o(.ARM.Collect$$rtentry$$0000000B) for .ARM.Collect$$rtentry$$0000000B
    __rtentry2.o(.ARM.exidx) refers to __rtentry2.o(.ARM.Collect$$rtentry$$0000000D) for .ARM.Collect$$rtentry$$0000000D
    __rtentry4.o(.ARM.Collect$$rtentry$$00000004) refers to sys_stackheap_outer.o(.text) for __user_setup_stackheap
    __rtentry4.o(.ARM.exidx) refers to __rtentry4.o(.ARM.Collect$$rtentry$$00000004) for .ARM.Collect$$rtentry$$00000004
    sys_stackheap_outer.o(.text) refers to libspace.o(.text) for __user_perproc_libspace
    sys_stackheap_outer.o(.text) refers to cortex-m3-start.o(.text) for __user_initial_stackheap
    exit.o(.text) refers to rtexit.o(.ARM.Collect$$rtexit$$00000000) for __rt_exit
    libinit.o(.ARM.Collect$$libinit$$00000000) refers (Special) to libinit2.o(.ARM.Collect$$libinit$$0000002E) for __rt_lib_init_alloca_1
    libinit.o(.ARM.Collect$$libinit$$00000000) refers (Special) to libinit2.o(.ARM.Collect$$libinit$$0000002C) for __rt_lib_init_argv_1
    libinit.o(.ARM.Collect$$libinit$$00000000) refers (Special) to libinit2.o(.ARM.Collect$$libinit$$0000001B) for __rt_lib_init_atexit_1
    libinit.o(.ARM.Collect$$libinit$$00000000) refers (Special) to libinit2.o(.ARM.Collect$$libinit$$00000021) for __rt_lib_init_clock_1
    libinit.o(.ARM.Collect$$libinit$$00000000) refers (Special) to libinit2.o(.ARM.Collect$$libinit$$00000032) for __rt_lib_init_cpp_1
    libinit.o(.ARM.Collect$$libinit$$00000000) refers (Special) to libinit2.o(.ARM.Collect$$libinit$$00000030) for __rt_lib_init_exceptions_1
    libinit.o(.ARM.Collect$$libinit$$00000000) refers (Special) to libinit2.o(.ARM.Collect$$libinit$$00000002) for __rt_lib_init_fp_1
    libinit.o(.ARM.Collect$$libinit$$00000000) refers (Special) to libinit2.o(.ARM.Collect$$libinit$$0000001F) for __rt_lib_init_fp_trap_1
    libinit.o(.ARM.Collect$$libinit$$00000000) refers (Special) to libinit2.o(.ARM.Collect$$libinit$$00000023) for __rt_lib_init_getenv_1
    libinit.o(.ARM.Collect$$libinit$$00000000) refers (Special) to libinit2.o(.ARM.Collect$$libinit$$0000000A) for __rt_lib_init_heap_1
    libinit.o(.ARM.Collect$$libinit$$00000000) refers (Special) to libinit2.o(.ARM.Collect$$libinit$$00000011) for __rt_lib_init_lc_collate_1
    libinit.o(.ARM.Collect$$libinit$$00000000) refers (Special) to libinit2.o(.ARM.Collect$$libinit$$00000013) for __rt_lib_init_lc_ctype_1
    libinit.o(.ARM.Collect$$libinit$$00000000) refers (Special) to libinit2.o(.ARM.Collect$$libinit$$00000015) for __rt_lib_init_lc_monetary_1
    libinit.o(.ARM.Collect$$libinit$$00000000) refers (Special) to libinit2.o(.ARM.Collect$$libinit$$00000017) for __rt_lib_init_lc_numeric_1
    libinit.o(.ARM.Collect$$libinit$$00000000) refers (Special) to libinit2.o(.ARM.Collect$$libinit$$00000019) for __rt_lib_init_lc_time_1
    libinit.o(.ARM.Collect$$libinit$$00000000) refers (Special) to libinit2.o(.ARM.Collect$$libinit$$00000004) for __rt_lib_init_preinit_1
    libinit.o(.ARM.Collect$$libinit$$00000000) refers (Special) to libinit2.o(.ARM.Collect$$libinit$$0000000E) for __rt_lib_init_rand_1
    libinit.o(.ARM.Collect$$libinit$$00000000) refers (Special) to libinit2.o(.ARM.Collect$$libinit$$00000033) for __rt_lib_init_return
    libinit.o(.ARM.Collect$$libinit$$00000000) refers (Special) to libinit2.o(.ARM.Collect$$libinit$$0000001D) for __rt_lib_init_signal_1
    libinit.o(.ARM.Collect$$libinit$$00000000) refers (Special) to libinit2.o(.ARM.Collect$$libinit$$00000025) for __rt_lib_init_stdio_1
    libinit.o(.ARM.Collect$$libinit$$00000000) refers (Special) to libinit2.o(.ARM.Collect$$libinit$$0000000C) for __rt_lib_init_user_alloc_1
    libspace.o(.text) refers to libspace.o(.bss) for __libspace_start
    rtexit.o(.ARM.Collect$$rtexit$$00000000) refers (Special) to rtexit2.o(.ARM.Collect$$rtexit$$00000004) for __rt_exit_exit
    rtexit.o(.ARM.Collect$$rtexit$$00000000) refers (Special) to rtexit2.o(.ARM.Collect$$rtexit$$00000003) for __rt_exit_ls
    rtexit.o(.ARM.Collect$$rtexit$$00000000) refers (Special) to rtexit2.o(.ARM.Collect$$rtexit$$00000002) for __rt_exit_prels_1
    rtexit.o(.ARM.exidx) refers (Special) to rtexit2.o(.ARM.Collect$$rtexit$$00000004) for __rt_exit_exit
    rtexit.o(.ARM.exidx) refers (Special) to rtexit2.o(.ARM.Collect$$rtexit$$00000003) for __rt_exit_ls
    rtexit.o(.ARM.exidx) refers (Special) to rtexit2.o(.ARM.Collect$$rtexit$$00000002) for __rt_exit_prels_1
    rtexit.o(.ARM.exidx) refers to rtexit.o(.ARM.Collect$$rtexit$$00000000) for .ARM.Collect$$rtexit$$00000000
    libinit2.o(.ARM.Collect$$libinit$$00000010) refers to libinit2.o(.ARM.Collect$$libinit$$0000000F) for .ARM.Collect$$libinit$$0000000F
    libinit2.o(.ARM.Collect$$libinit$$00000012) refers to libinit2.o(.ARM.Collect$$libinit$$0000000F) for .ARM.Collect$$libinit$$0000000F
    libinit2.o(.ARM.Collect$$libinit$$00000014) refers to libinit2.o(.ARM.Collect$$libinit$$0000000F) for .ARM.Collect$$libinit$$0000000F
    libinit2.o(.ARM.Collect$$libinit$$00000016) refers to libinit2.o(.ARM.Collect$$libinit$$0000000F) for .ARM.Collect$$libinit$$0000000F
    libinit2.o(.ARM.Collect$$libinit$$00000018) refers to libinit2.o(.ARM.Collect$$libinit$$0000000F) for .ARM.Collect$$libinit$$0000000F
    libinit2.o(.ARM.Collect$$libinit$$00000026) refers to argv_veneer.o(.emb_text) for __ARM_argv_veneer
    libinit2.o(.ARM.Collect$$libinit$$00000027) refers to argv_veneer.o(.emb_text) for __ARM_argv_veneer
    rtexit2.o(.ARM.Collect$$rtexit$$00000003) refers to libshutdown.o(.ARM.Collect$$libshutdown$$00000000) for __rt_lib_shutdown
    rtexit2.o(.ARM.Collect$$rtexit$$00000004) refers to usart.o(i._sys_exit) for _sys_exit
    rtexit2.o(.ARM.exidx) refers to rtexit2.o(.ARM.Collect$$rtexit$$00000001) for .ARM.Collect$$rtexit$$00000001
    rtexit2.o(.ARM.exidx) refers to rtexit2.o(.ARM.Collect$$rtexit$$00000003) for .ARM.Collect$$rtexit$$00000003
    rtexit2.o(.ARM.exidx) refers to rtexit2.o(.ARM.Collect$$rtexit$$00000004) for .ARM.Collect$$rtexit$$00000004
    argv_veneer.o(.emb_text) refers to no_argv.o(.text) for __ARM_get_argv
    _get_argv_nomalloc.o(.text) refers (Special) to hrguard.o(.text) for __heap_region$guard
    _get_argv_nomalloc.o(.text) refers to defsig_rtmem_outer.o(.text) for __rt_SIGRTMEM
    _get_argv_nomalloc.o(.text) refers to sys_command.o(.text) for _sys_command_string
    libshutdown.o(.ARM.Collect$$libshutdown$$00000000) refers (Special) to libshutdown2.o(.ARM.Collect$$libshutdown$$00000004) for __rt_lib_shutdown_cpp_1
    libshutdown.o(.ARM.Collect$$libshutdown$$00000000) refers (Special) to libshutdown2.o(.ARM.Collect$$libshutdown$$00000002) for __rt_lib_shutdown_fini_1
    libshutdown.o(.ARM.Collect$$libshutdown$$00000000) refers (Special) to libshutdown2.o(.ARM.Collect$$libshutdown$$00000009) for __rt_lib_shutdown_fp_trap_1
    libshutdown.o(.ARM.Collect$$libshutdown$$00000000) refers (Special) to libshutdown2.o(.ARM.Collect$$libshutdown$$00000011) for __rt_lib_shutdown_heap_1
    libshutdown.o(.ARM.Collect$$libshutdown$$00000000) refers (Special) to libshutdown2.o(.ARM.Collect$$libshutdown$$00000012) for __rt_lib_shutdown_return
    libshutdown.o(.ARM.Collect$$libshutdown$$00000000) refers (Special) to libshutdown2.o(.ARM.Collect$$libshutdown$$0000000C) for __rt_lib_shutdown_signal_1
    libshutdown.o(.ARM.Collect$$libshutdown$$00000000) refers (Special) to libshutdown2.o(.ARM.Collect$$libshutdown$$00000006) for __rt_lib_shutdown_stdio_1
    libshutdown.o(.ARM.Collect$$libshutdown$$00000000) refers (Special) to libshutdown2.o(.ARM.Collect$$libshutdown$$0000000E) for __rt_lib_shutdown_user_alloc_1
    sys_command.o(.text) refers (Special) to use_no_semi.o(.text) for __I$use$semihosting
    sys_command.o(.text) refers (Special) to indicate_semi.o(.text) for __semihosting_library_function
    defsig_rtmem_outer.o(.text) refers to defsig_rtmem_inner.o(.text) for __rt_SIGRTMEM_inner
    defsig_rtmem_outer.o(.text) refers to defsig_exit.o(.text) for __sig_exit
    defsig_rtmem_formal.o(.text) refers to rt_raise.o(.text) for __rt_raise
    rt_raise.o(.text) refers to __raise.o(.text) for __raise
    rt_raise.o(.text) refers to usart.o(i._sys_exit) for _sys_exit
    defsig_exit.o(.text) refers to usart.o(i._sys_exit) for _sys_exit
    defsig_rtmem_inner.o(.text) refers to defsig_general.o(.text) for __default_signal_display
    __raise.o(.text) refers to defsig.o(CL$$defsig) for __default_signal_handler
    defsig_general.o(.text) refers to usart.o(i._ttywrch) for _ttywrch
    defsig.o(CL$$defsig) refers to defsig_rtmem_inner.o(.text) for __rt_SIGRTMEM_inner
    defsig_abrt_inner.o(.text) refers to defsig_general.o(.text) for __default_signal_display
    defsig_fpe_inner.o(.text) refers to defsig_general.o(.text) for __default_signal_display
    defsig_rtred_inner.o(.text) refers to defsig_general.o(.text) for __default_signal_display
    defsig_stak_inner.o(.text) refers to defsig_general.o(.text) for __default_signal_display
    defsig_pvfn_inner.o(.text) refers to defsig_general.o(.text) for __default_signal_display
    defsig_cppl_inner.o(.text) refers to defsig_general.o(.text) for __default_signal_display
    defsig_segv_inner.o(.text) refers to defsig_general.o(.text) for __default_signal_display
    defsig_other.o(.text) refers to defsig_general.o(.text) for __default_signal_display


==============================================================================

Removing Unused input sections from the image.

    Removing adc.o(i.ADC_Init), (392 bytes).
    Removing adc.o(i.ADC_Init2), (424 bytes).
    Removing adc.o(i.ADC_Inject_Init), (372 bytes).
    Removing adc.o(i.ADC_Read_CH0_Value), (44 bytes).
    Removing adc.o(.data), (12 bytes).
    Removing can.o(i.CAN_Mode_Init), (476 bytes).
    Removing can.o(i.CAN_Msg_Pend), (40 bytes).
    Removing can.o(i.CAN_Receive_Msg), (44 bytes).
    Removing delay.o(i.Delay_N_us), (22 bytes).
    Removing dma.o(i.DMA_Channel1_Init), (160 bytes).
    Removing flash.o(i.FLASH_ErasePage), (72 bytes).
    Removing flash.o(i.FLASH_Lock), (20 bytes).
    Removing flash.o(i.FLASH_Read_N_Byte), (24 bytes).
    Removing flash.o(i.FLASH_Unlock), (24 bytes).
    Removing flash.o(i.FLASH_Write_N_Byte), (66 bytes).
    Removing flash.o(i.FLASH_Write_Practice), (92 bytes).
    Removing flash.o(i.FLASH_Write_Word), (60 bytes).
    Removing system.o(i.Assert_Failed), (92 bytes).
    Removing timer.o(i.PWM_TIM1_All_CH_Init), (292 bytes).
    Removing timer.o(i.PWM_TIM1_CH1N_Init), (136 bytes).
    Removing timer.o(i.PWM_TIM1_CH1_CH3_CH4_Init), (220 bytes).
    Removing timer.o(i.PWM_TIM1_CH1_Init), (128 bytes).
    Removing timer.o(i.PWM_TIM1_CH2N_Init), (136 bytes).
    Removing timer.o(i.PWM_TIM1_CH3N_Init), (124 bytes).
    Removing timer.o(i.PWM_TIM1_CH4_Init), (124 bytes).
    Removing timer.o(i.PWM_TIM2_CH1_Init), (140 bytes).
    Removing timer.o(i.PWM_TIM2_CH2_Init), (160 bytes).
    Removing timer.o(i.PWM_TIM3_All_CH_Init), (276 bytes).
    Removing timer.o(i.PWM_TIM3_CH1_Init), (176 bytes).
    Removing timer.o(i.PWM_TIM3_CH2_Init), (112 bytes).
    Removing timer.o(i.PWM_TIM3_CH3_Init), (108 bytes).
    Removing timer.o(i.PWM_TIM3_CH4_Init), (108 bytes).
    Removing timer.o(i.PWM_TIM4_All_CH_Init), (252 bytes).
    Removing timer.o(i.PWM_TIM4_CH1_Init), (120 bytes).
    Removing usart.o(i.USART1_RxBufferDeal), (116 bytes).
    Removing usart.o(i.USART1_Send_N_Byte), (88 bytes).
    Removing usart.o(i.USART1_Send_Number), (108 bytes).
    Removing usart.o(i.USART1_Send_String), (88 bytes).
    Removing usart.o(i.USART2_RxBufferDeal), (116 bytes).
    Removing usart.o(i.USART2_Send_N_Byte), (88 bytes).
    Removing usart.o(i.USART2_Send_Number), (108 bytes).
    Removing usart.o(i.USART2_Send_String), (88 bytes).
    Removing usart.o(i.USART3_RxBufferDeal), (116 bytes).
    Removing usart.o(i.USART3_Send_N_Byte), (88 bytes).
    Removing usart.o(i.USART3_Send_Number), (108 bytes).
    Removing usart.o(i.USART3_Send_String), (88 bytes).
    Removing usart.o(i.USART_Transmission_Deal), (316 bytes).
    Removing usart.o(i._ttywrch), (4 bytes).
    Removing usart.o(i.fputc), (22 bytes).
    Removing usart.o(.data), (4 bytes).
    Removing wdg.o(i.IWDG_Feed), (16 bytes).
    Removing wdg.o(i.IWDG_Init), (36 bytes).
    Removing spi.o(i.SPI2_Init), (164 bytes).
    Removing spi.o(i.SPI2_ReadWriteByte), (88 bytes).
    Removing spi.o(i.SPI2_SetSpeed), (44 bytes).
    Removing i2c.o(i.I2C1_Init), (48 bytes).
    Removing i2c.o(i.I2C1_Is_Ack), (88 bytes).
    Removing i2c.o(i.I2C1_Pin_Test), (60 bytes).
    Removing i2c.o(i.I2C1_Read_Byte), (112 bytes).
    Removing i2c.o(i.I2C1_Read_N_Byte), (94 bytes).
    Removing i2c.o(i.I2C1_Read_N_Byte16), (128 bytes).
    Removing i2c.o(i.I2C1_Read_One_Byte), (64 bytes).
    Removing i2c.o(i.I2C1_Read_One_Byte16), (100 bytes).
    Removing i2c.o(i.I2C1_Send_Byte), (120 bytes).
    Removing i2c.o(i.I2C1_Start), (88 bytes).
    Removing i2c.o(i.I2C1_Stop), (88 bytes).
    Removing i2c.o(i.I2C1_Wait_Ack), (112 bytes).
    Removing i2c.o(i.I2C1_Write_N_Byte), (66 bytes).
    Removing i2c.o(i.I2C1_Write_N_Byte16), (98 bytes).
    Removing i2c.o(i.I2C1_Write_One_Byte), (48 bytes).
    Removing i2c.o(i.I2C1_Write_One_Byte16), (84 bytes).
    Removing device.o(i.Device_Output), (2 bytes).
    Removing device.o(i.Device_Output_Close), (2 bytes).
    Removing spiflash.o(i.SPI_Flash_Block_Erase), (64 bytes).
    Removing spiflash.o(i.SPI_Flash_Chip_Erase), (40 bytes).
    Removing spiflash.o(i.SPI_Flash_Erase_N_Byte), (52 bytes).
    Removing spiflash.o(i.SPI_Flash_Erase_Write_N_Byte), (324 bytes).
    Removing spiflash.o(i.SPI_Flash_Init), (60 bytes).
    Removing spiflash.o(i.SPI_Flash_Is_All_FF), (28 bytes).
    Removing spiflash.o(i.SPI_Flash_Read_ID), (72 bytes).
    Removing spiflash.o(i.SPI_Flash_Read_N_Byte), (76 bytes).
    Removing spiflash.o(i.SPI_Flash_Read_SR), (44 bytes).
    Removing spiflash.o(i.SPI_Flash_Sector_Erase), (64 bytes).
    Removing spiflash.o(i.SPI_Flash_Wait_Busy), (52 bytes).
    Removing spiflash.o(i.SPI_Flash_Write_Disable), (32 bytes).
    Removing spiflash.o(i.SPI_Flash_Write_Enable), (32 bytes).
    Removing spiflash.o(i.SPI_Flash_Write_N_Byte), (110 bytes).
    Removing spiflash.o(i.SPI_Flash_Write_Page), (80 bytes).
    Removing spiflash.o(i.SPI_Flash_Write_SR), (40 bytes).
    Removing spiflash.o(i.SPI_Read_Write_Byte), (84 bytes).
    Removing spiflash.o(.bss), (4096 bytes).
    Removing sd.o(i.SD_SPI_Read_Write_Byte), (84 bytes).
    Removing flashapply.o(i.System_Param_Init), (40 bytes).
    Removing flashapply.o(i.System_Read_Param), (24 bytes).
    Removing flashapply.o(i.System_Write_Param), (24 bytes).
    Removing flashapply.o(.bss), (40 bytes).
    Removing arithmetic.o(i.Get_One_Byte_Random_Number), (24 bytes).
    Removing arithmetic.o(i.Is_Simple_Eual_Str), (84 bytes).
    Removing arithmetic.o(i.NumberToChar), (76 bytes).
    Removing arithmetic.o(i.Xor_Encryption_Deal), (48 bytes).
    Removing arithmetic.o(.constdata), (256 bytes).
    Removing main.o(i.SD_SPI_Read_Write_Byte), (84 bytes).
    Removing main.o(i.SPI_Read_Write_Byte), (84 bytes).
    Removing segger_rtt.o(i.SEGGER_RTT_AllocDownBuffer), (196 bytes).
    Removing segger_rtt.o(i.SEGGER_RTT_AllocUpBuffer), (196 bytes).
    Removing segger_rtt.o(i.SEGGER_RTT_ConfigDownBuffer), (116 bytes).
    Removing segger_rtt.o(i.SEGGER_RTT_ConfigUpBuffer), (116 bytes).
    Removing segger_rtt.o(i.SEGGER_RTT_GetAvailWriteSpace), (28 bytes).
    Removing segger_rtt.o(i.SEGGER_RTT_GetBytesInBuffer), (68 bytes).
    Removing segger_rtt.o(i.SEGGER_RTT_GetKey), (32 bytes).
    Removing segger_rtt.o(i.SEGGER_RTT_HasData), (28 bytes).
    Removing segger_rtt.o(i.SEGGER_RTT_HasDataUp), (28 bytes).
    Removing segger_rtt.o(i.SEGGER_RTT_HasKey), (48 bytes).
    Removing segger_rtt.o(i.SEGGER_RTT_PutChar), (128 bytes).
    Removing segger_rtt.o(i.SEGGER_RTT_PutCharSkip), (112 bytes).
    Removing segger_rtt.o(i.SEGGER_RTT_PutCharSkipNoLock), (56 bytes).
    Removing segger_rtt.o(i.SEGGER_RTT_Read), (56 bytes).
    Removing segger_rtt.o(i.SEGGER_RTT_ReadNoLock), (168 bytes).
    Removing segger_rtt.o(i.SEGGER_RTT_ReadUpBuffer), (56 bytes).
    Removing segger_rtt.o(i.SEGGER_RTT_ReadUpBufferNoLock), (168 bytes).
    Removing segger_rtt.o(i.SEGGER_RTT_SetFlagsDownBuffer), (92 bytes).
    Removing segger_rtt.o(i.SEGGER_RTT_SetFlagsUpBuffer), (92 bytes).
    Removing segger_rtt.o(i.SEGGER_RTT_SetNameDownBuffer), (92 bytes).
    Removing segger_rtt.o(i.SEGGER_RTT_SetNameUpBuffer), (92 bytes).
    Removing segger_rtt.o(i.SEGGER_RTT_SetTerminal), (160 bytes).
    Removing segger_rtt.o(i.SEGGER_RTT_TerminalOut), (260 bytes).
    Removing segger_rtt.o(i.SEGGER_RTT_WaitKey), (14 bytes).
    Removing segger_rtt.o(i.SEGGER_RTT_WriteDownBuffer), (72 bytes).
    Removing segger_rtt.o(i.SEGGER_RTT_WriteDownBufferNoLock), (132 bytes).
    Removing segger_rtt.o(i.SEGGER_RTT_WriteSkipNoLock), (152 bytes).
    Removing segger_rtt.o(i.SEGGER_RTT_WriteString), (26 bytes).
    Removing segger_rtt.o(i.SEGGER_RTT_WriteWithOverwriteNoLock), (180 bytes).
    Removing segger_rtt.o(i._PostTerminalSwitch), (36 bytes).
    Removing segger_rtt.o(.data), (17 bytes).

134 unused section(s) (total 17579 bytes) removed from the image.

==============================================================================

Image Symbol Table

    Local Symbols

    Symbol Name                              Value     Ov Type        Size  Object(Section)

    ../clib/angel/boardlib.s                 0x00000000   Number         0  boardinit3.o ABSOLUTE
    ../clib/angel/boardlib.s                 0x00000000   Number         0  boardinit2.o ABSOLUTE
    ../clib/angel/boardlib.s                 0x00000000   Number         0  boardinit1.o ABSOLUTE
    ../clib/angel/boardlib.s                 0x00000000   Number         0  boardshut.o ABSOLUTE
    ../clib/angel/handlers.s                 0x00000000   Number         0  __scatter_copy.o ABSOLUTE
    ../clib/angel/handlers.s                 0x00000000   Number         0  __scatter_zi.o ABSOLUTE
    ../clib/angel/kernel.s                   0x00000000   Number         0  __rtentry.o ABSOLUTE
    ../clib/angel/kernel.s                   0x00000000   Number         0  __rtentry2.o ABSOLUTE
    ../clib/angel/kernel.s                   0x00000000   Number         0  __rtentry4.o ABSOLUTE
    ../clib/angel/kernel.s                   0x00000000   Number         0  rtexit2.o ABSOLUTE
    ../clib/angel/kernel.s                   0x00000000   Number         0  rtexit.o ABSOLUTE
    ../clib/angel/rt.s                       0x00000000   Number         0  rt_raise.o ABSOLUTE
    ../clib/angel/scatter.s                  0x00000000   Number         0  __scatter.o ABSOLUTE
    ../clib/angel/startup.s                  0x00000000   Number         0  __main.o ABSOLUTE
    ../clib/angel/sys.s                      0x00000000   Number         0  use_no_semi.o ABSOLUTE
    ../clib/angel/sys.s                      0x00000000   Number         0  indicate_semi.o ABSOLUTE
    ../clib/angel/sys.s                      0x00000000   Number         0  sys_stackheap_outer.o ABSOLUTE
    ../clib/angel/sys.s                      0x00000000   Number         0  libspace.o ABSOLUTE
    ../clib/angel/sysapp.c                   0x00000000   Number         0  sys_command.o ABSOLUTE
    ../clib/armsys.c                         0x00000000   Number         0  argv_veneer.o ABSOLUTE
    ../clib/armsys.c                         0x00000000   Number         0  argv_veneer.o ABSOLUTE
    ../clib/armsys.c                         0x00000000   Number         0  no_argv.o ABSOLUTE
    ../clib/armsys.c                         0x00000000   Number         0  _get_argv_nomalloc.o ABSOLUTE
    ../clib/heapalloc.c                      0x00000000   Number         0  hrguard.o ABSOLUTE
    ../clib/libinit.s                        0x00000000   Number         0  libshutdown2.o ABSOLUTE
    ../clib/libinit.s                        0x00000000   Number         0  libshutdown.o ABSOLUTE
    ../clib/libinit.s                        0x00000000   Number         0  libinit.o ABSOLUTE
    ../clib/libinit.s                        0x00000000   Number         0  libinit2.o ABSOLUTE
    ../clib/memcpset.s                       0x00000000   Number         0  rt_memcpy_v6.o ABSOLUTE
    ../clib/memcpset.s                       0x00000000   Number         0  rt_memcpy_w.o ABSOLUTE
    ../clib/signal.c                         0x00000000   Number         0  defsig_rtred_inner.o ABSOLUTE
    ../clib/signal.c                         0x00000000   Number         0  defsig_fpe_inner.o ABSOLUTE
    ../clib/signal.c                         0x00000000   Number         0  defsig_abrt_inner.o ABSOLUTE
    ../clib/signal.c                         0x00000000   Number         0  defsig_rtmem_formal.o ABSOLUTE
    ../clib/signal.c                         0x00000000   Number         0  defsig_rtmem_outer.o ABSOLUTE
    ../clib/signal.c                         0x00000000   Number         0  defsig_rtmem_inner.o ABSOLUTE
    ../clib/signal.c                         0x00000000   Number         0  defsig_exit.o ABSOLUTE
    ../clib/signal.c                         0x00000000   Number         0  defsig_general.o ABSOLUTE
    ../clib/signal.c                         0x00000000   Number         0  defsig_pvfn_inner.o ABSOLUTE
    ../clib/signal.c                         0x00000000   Number         0  __raise.o ABSOLUTE
    ../clib/signal.c                         0x00000000   Number         0  defsig_cppl_inner.o ABSOLUTE
    ../clib/signal.c                         0x00000000   Number         0  defsig_segv_inner.o ABSOLUTE
    ../clib/signal.c                         0x00000000   Number         0  defsig_other.o ABSOLUTE
    ../clib/signal.c                         0x00000000   Number         0  defsig_stak_inner.o ABSOLUTE
    ../clib/signal.s                         0x00000000   Number         0  defsig.o ABSOLUTE
    ../clib/stdlib.c                         0x00000000   Number         0  exit.o ABSOLUTE
    ../clib/string.c                         0x00000000   Number         0  strlen.o ABSOLUTE
    ../clib/string.c                         0x00000000   Number         0  strcpy.o ABSOLUTE
    ../fplib/fpinit.s                        0x00000000   Number         0  fpinit.o ABSOLUTE
    ..\ALG\src\arithmetic.c                  0x00000000   Number         0  arithmetic.o ABSOLUTE
    ..\APP\src\flashapply.c                  0x00000000   Number         0  flashapply.o ABSOLUTE
    ..\CORE\src\interrupt.c                  0x00000000   Number         0  interrupt.o ABSOLUTE
    ..\HARDWARE\src\adc.c                    0x00000000   Number         0  adc.o ABSOLUTE
    ..\HARDWARE\src\can.c                    0x00000000   Number         0  can.o ABSOLUTE
    ..\HARDWARE\src\delay.c                  0x00000000   Number         0  delay.o ABSOLUTE
    ..\HARDWARE\src\dma.c                    0x00000000   Number         0  dma.o ABSOLUTE
    ..\HARDWARE\src\flash.c                  0x00000000   Number         0  flash.o ABSOLUTE
    ..\HARDWARE\src\gpio.c                   0x00000000   Number         0  gpio.o ABSOLUTE
    ..\HARDWARE\src\i2c.c                    0x00000000   Number         0  i2c.o ABSOLUTE
    ..\HARDWARE\src\spi.c                    0x00000000   Number         0  spi.o ABSOLUTE
    ..\HARDWARE\src\system.c                 0x00000000   Number         0  system.o ABSOLUTE
    ..\HARDWARE\src\timer.c                  0x00000000   Number         0  timer.o ABSOLUTE
    ..\HARDWARE\src\usart.c                  0x00000000   Number         0  usart.o ABSOLUTE
    ..\HARDWARE\src\wdg.c                    0x00000000   Number         0  wdg.o ABSOLUTE
    ..\INTERFACE\src\device.c                0x00000000   Number         0  device.o ABSOLUTE
    ..\INTERFACE\src\sd.c                    0x00000000   Number         0  sd.o ABSOLUTE
    ..\INTERFACE\src\spiflash.c              0x00000000   Number         0  spiflash.o ABSOLUTE
    ..\SEGGERRTT\src\SEGGER_RTT.c            0x00000000   Number         0  segger_rtt.o ABSOLUTE
    ..\SEGGERRTT\src\SEGGER_RTT_printf.c     0x00000000   Number         0  segger_rtt_printf.o ABSOLUTE
    ..\START\Cortex-M3-Start.s               0x00000000   Number         0  cortex-m3-start.o ABSOLUTE
    ..\USER\src\main.c                       0x00000000   Number         0  main.o ABSOLUTE
    dc.s                                     0x00000000   Number         0  dc.o ABSOLUTE
    RESET                                    0x08000000   Section      236  cortex-m3-start.o(RESET)
    !!!main                                  0x080000ec   Section        8  __main.o(!!!main)
    !!!scatter                               0x080000f4   Section       52  __scatter.o(!!!scatter)
    !!handler_copy                           0x08000128   Section       26  __scatter_copy.o(!!handler_copy)
    !!handler_zi                             0x08000144   Section       28  __scatter_zi.o(!!handler_zi)
    .ARM.Collect$$libinit$$00000000          0x08000160   Section        2  libinit.o(.ARM.Collect$$libinit$$00000000)
    .ARM.Collect$$libinit$$00000002          0x08000162   Section        0  libinit2.o(.ARM.Collect$$libinit$$00000002)
    .ARM.Collect$$libinit$$00000004          0x08000162   Section        0  libinit2.o(.ARM.Collect$$libinit$$00000004)
    .ARM.Collect$$libinit$$0000000A          0x08000162   Section        0  libinit2.o(.ARM.Collect$$libinit$$0000000A)
    .ARM.Collect$$libinit$$0000000C          0x08000162   Section        0  libinit2.o(.ARM.Collect$$libinit$$0000000C)
    .ARM.Collect$$libinit$$0000000E          0x08000162   Section        0  libinit2.o(.ARM.Collect$$libinit$$0000000E)
    .ARM.Collect$$libinit$$00000011          0x08000162   Section        0  libinit2.o(.ARM.Collect$$libinit$$00000011)
    .ARM.Collect$$libinit$$00000013          0x08000162   Section        0  libinit2.o(.ARM.Collect$$libinit$$00000013)
    .ARM.Collect$$libinit$$00000015          0x08000162   Section        0  libinit2.o(.ARM.Collect$$libinit$$00000015)
    .ARM.Collect$$libinit$$00000017          0x08000162   Section        0  libinit2.o(.ARM.Collect$$libinit$$00000017)
    .ARM.Collect$$libinit$$00000019          0x08000162   Section        0  libinit2.o(.ARM.Collect$$libinit$$00000019)
    .ARM.Collect$$libinit$$0000001B          0x08000162   Section        0  libinit2.o(.ARM.Collect$$libinit$$0000001B)
    .ARM.Collect$$libinit$$0000001D          0x08000162   Section        0  libinit2.o(.ARM.Collect$$libinit$$0000001D)
    .ARM.Collect$$libinit$$0000001F          0x08000162   Section        0  libinit2.o(.ARM.Collect$$libinit$$0000001F)
    .ARM.Collect$$libinit$$00000021          0x08000162   Section        0  libinit2.o(.ARM.Collect$$libinit$$00000021)
    .ARM.Collect$$libinit$$00000023          0x08000162   Section        0  libinit2.o(.ARM.Collect$$libinit$$00000023)
    .ARM.Collect$$libinit$$00000025          0x08000162   Section        0  libinit2.o(.ARM.Collect$$libinit$$00000025)
    .ARM.Collect$$libinit$$0000002C          0x08000162   Section        0  libinit2.o(.ARM.Collect$$libinit$$0000002C)
    .ARM.Collect$$libinit$$0000002E          0x08000162   Section        0  libinit2.o(.ARM.Collect$$libinit$$0000002E)
    .ARM.Collect$$libinit$$00000030          0x08000162   Section        0  libinit2.o(.ARM.Collect$$libinit$$00000030)
    .ARM.Collect$$libinit$$00000032          0x08000162   Section        0  libinit2.o(.ARM.Collect$$libinit$$00000032)
    .ARM.Collect$$libinit$$00000033          0x08000162   Section        2  libinit2.o(.ARM.Collect$$libinit$$00000033)
    .ARM.Collect$$libshutdown$$00000000      0x08000164   Section        2  libshutdown.o(.ARM.Collect$$libshutdown$$00000000)
    .ARM.Collect$$libshutdown$$00000002      0x08000166   Section        0  libshutdown2.o(.ARM.Collect$$libshutdown$$00000002)
    .ARM.Collect$$libshutdown$$00000004      0x08000166   Section        0  libshutdown2.o(.ARM.Collect$$libshutdown$$00000004)
    .ARM.Collect$$libshutdown$$00000006      0x08000166   Section        0  libshutdown2.o(.ARM.Collect$$libshutdown$$00000006)
    .ARM.Collect$$libshutdown$$00000009      0x08000166   Section        0  libshutdown2.o(.ARM.Collect$$libshutdown$$00000009)
    .ARM.Collect$$libshutdown$$0000000C      0x08000166   Section        0  libshutdown2.o(.ARM.Collect$$libshutdown$$0000000C)
    .ARM.Collect$$libshutdown$$0000000E      0x08000166   Section        0  libshutdown2.o(.ARM.Collect$$libshutdown$$0000000E)
    .ARM.Collect$$libshutdown$$00000011      0x08000166   Section        0  libshutdown2.o(.ARM.Collect$$libshutdown$$00000011)
    .ARM.Collect$$libshutdown$$00000012      0x08000166   Section        2  libshutdown2.o(.ARM.Collect$$libshutdown$$00000012)
    .ARM.Collect$$rtentry$$00000000          0x08000168   Section        0  __rtentry.o(.ARM.Collect$$rtentry$$00000000)
    .ARM.Collect$$rtentry$$00000002          0x08000168   Section        0  __rtentry2.o(.ARM.Collect$$rtentry$$00000002)
    .ARM.Collect$$rtentry$$00000004          0x08000168   Section        6  __rtentry4.o(.ARM.Collect$$rtentry$$00000004)
    .ARM.Collect$$rtentry$$00000009          0x0800016e   Section        0  __rtentry2.o(.ARM.Collect$$rtentry$$00000009)
    .ARM.Collect$$rtentry$$0000000A          0x0800016e   Section        4  __rtentry2.o(.ARM.Collect$$rtentry$$0000000A)
    .ARM.Collect$$rtentry$$0000000C          0x08000172   Section        0  __rtentry2.o(.ARM.Collect$$rtentry$$0000000C)
    .ARM.Collect$$rtentry$$0000000D          0x08000172   Section        8  __rtentry2.o(.ARM.Collect$$rtentry$$0000000D)
    .ARM.Collect$$rtexit$$00000000           0x0800017a   Section        2  rtexit.o(.ARM.Collect$$rtexit$$00000000)
    .ARM.Collect$$rtexit$$00000002           0x0800017c   Section        0  rtexit2.o(.ARM.Collect$$rtexit$$00000002)
    .ARM.Collect$$rtexit$$00000003           0x0800017c   Section        4  rtexit2.o(.ARM.Collect$$rtexit$$00000003)
    .ARM.Collect$$rtexit$$00000004           0x08000180   Section        6  rtexit2.o(.ARM.Collect$$rtexit$$00000004)
    .text                                    0x08000188   Section       64  cortex-m3-start.o(.text)
    .text                                    0x080001c8   Section        0  strcpy.o(.text)
    .text                                    0x08000210   Section      138  rt_memcpy_v6.o(.text)
    .text                                    0x0800029a   Section      100  rt_memcpy_w.o(.text)
    .text                                    0x080002fe   Section       74  sys_stackheap_outer.o(.text)
    .text                                    0x08000348   Section        0  exit.o(.text)
    .text                                    0x0800035c   Section        8  libspace.o(.text)
    i.CAN_Rx_Msg                             0x08000364   Section        0  can.o(i.CAN_Rx_Msg)
    i.CAN_Send_Msg                           0x0800043c   Section        0  can.o(i.CAN_Send_Msg)
    i.CAN_Tx_Msg                             0x08000480   Section        0  can.o(i.CAN_Tx_Msg)
    i.CAN_Tx_Staus                           0x0800058c   Section        0  can.o(i.CAN_Tx_Staus)
    i.Delay_N_ms                             0x08000610   Section        0  delay.o(i.Delay_N_ms)
    i.Device_Init                            0x0800062c   Section        0  device.o(i.Device_Init)
    i.GPIO_Init                              0x08000670   Section        0  gpio.o(i.GPIO_Init)
    i.NVIC_Configuration                     0x080006b0   Section        0  system.o(i.NVIC_Configuration)
    i.SEGGER_RTT_Init                        0x080006c0   Section        0  segger_rtt.o(i.SEGGER_RTT_Init)
    i.SEGGER_RTT_Write                       0x080006c8   Section        0  segger_rtt.o(i.SEGGER_RTT_Write)
    i.SEGGER_RTT_WriteNoLock                 0x08000710   Section        0  segger_rtt.o(i.SEGGER_RTT_WriteNoLock)
    i.SEGGER_RTT_printf                      0x08000794   Section        0  segger_rtt_printf.o(i.SEGGER_RTT_printf)
    i.SEGGER_RTT_vprintf                     0x080007b6   Section        0  segger_rtt_printf.o(i.SEGGER_RTT_vprintf)
    i.SysTick_Handler                        0x080009c0   Section        0  interrupt.o(i.SysTick_Handler)
    i.SysTick_Init                           0x08000b04   Section        0  system.o(i.SysTick_Init)
    i.System_Init                            0x08000b24   Section        0  system.o(i.System_Init)
    i.System_Reset                           0x08000b98   Section        0  system.o(i.System_Reset)
    i.TIM2_IRQHandler                        0x08000bb4   Section        0  interrupt.o(i.TIM2_IRQHandler)
    i.TIM2_Init                              0x08000bcc   Section        0  timer.o(i.TIM2_Init)
    i.USART1_IRQHandler                      0x08000c10   Section        0  interrupt.o(i.USART1_IRQHandler)
    i.USART1_Init                            0x08000cd4   Section        0  usart.o(i.USART1_Init)
    i.USART2_IRQHandler                      0x08000ddc   Section        0  interrupt.o(i.USART2_IRQHandler)
    i.USART2_Init                            0x08000ea0   Section        0  usart.o(i.USART2_Init)
    i.USART3_IRQHandler                      0x08000fa8   Section        0  interrupt.o(i.USART3_IRQHandler)
    i.USART3_Init                            0x0800106c   Section        0  usart.o(i.USART3_Init)
    i.USB_LP_CAN1_RX0_IRQHandler             0x08001174   Section        0  can.o(i.USB_LP_CAN1_RX0_IRQHandler)
    i._DoInit                                0x0800119c   Section        0  segger_rtt.o(i._DoInit)
    _DoInit                                  0x0800119d   Thumb Code    74  segger_rtt.o(i._DoInit)
    i._GetAvailWriteSpace                    0x0800120c   Section        0  segger_rtt.o(i._GetAvailWriteSpace)
    _GetAvailWriteSpace                      0x0800120d   Thumb Code    28  segger_rtt.o(i._GetAvailWriteSpace)
    i._PrintInt                              0x08001228   Section        0  segger_rtt_printf.o(i._PrintInt)
    _PrintInt                                0x08001229   Thumb Code   236  segger_rtt_printf.o(i._PrintInt)
    i._PrintUnsigned                         0x08001314   Section        0  segger_rtt_printf.o(i._PrintUnsigned)
    _PrintUnsigned                           0x08001315   Thumb Code   230  segger_rtt_printf.o(i._PrintUnsigned)
    i._StoreChar                             0x08001400   Section        0  segger_rtt_printf.o(i._StoreChar)
    _StoreChar                               0x08001401   Thumb Code    68  segger_rtt_printf.o(i._StoreChar)
    i._WriteBlocking                         0x08001444   Section        0  segger_rtt.o(i._WriteBlocking)
    _WriteBlocking                           0x08001445   Thumb Code   118  segger_rtt.o(i._WriteBlocking)
    i._WriteNoCheck                          0x080014ba   Section        0  segger_rtt.o(i._WriteNoCheck)
    _WriteNoCheck                            0x080014bb   Thumb Code    88  segger_rtt.o(i._WriteNoCheck)
    i._sys_exit                              0x08001512   Section        0  usart.o(i._sys_exit)
    i.main                                   0x08001518   Section        0  main.o(i.main)
    .constdata                               0x080015d4   Section       16  segger_rtt_printf.o(.constdata)
    _aV2C                                    0x080015d4   Data          16  segger_rtt_printf.o(.constdata)
    .ARM.__AT_0x20000000                     0x20000000   Section        4  main.o(.ARM.__AT_0x20000000)
    .data                                    0x20001000   Section        4  interrupt.o(.data)
    .data                                    0x20001004   Section        4  main.o(.data)
    .bss                                     0x20001008   Section     6174  usart.o(.bss)
    .bss                                     0x20002828   Section     1208  segger_rtt.o(.bss)
    _acUpBuffer                              0x200028d0   Data        1024  segger_rtt.o(.bss)
    _acDownBuffer                            0x20002cd0   Data          16  segger_rtt.o(.bss)
    .bss                                     0x20002ce0   Section       96  libspace.o(.bss)
    HEAP                                     0x20002d40   Section      512  cortex-m3-start.o(HEAP)
    Heap_Mem                                 0x20002d40   Data         512  cortex-m3-start.o(HEAP)
    STACK                                    0x20002f40   Section     1024  cortex-m3-start.o(STACK)
    Stack_Mem                                0x20002f40   Data        1024  cortex-m3-start.o(STACK)
    __initial_sp                             0x20003340   Data           0  cortex-m3-start.o(STACK)

    Global Symbols

    Symbol Name                              Value     Ov Type        Size  Object(Section)

    BuildAttributes$$THM_ISAv4$P$D$K$B$S$PE$A:L22UL41UL21$X:L11$S22US41US21$IEEE1$IW$USESV6$~STKCKD$USESV7$~SHL$OSPACE$ROPI$EBA8$UX$STANDARDLIB$REQ8$PRES8$EABIv2 0x00000000   Number         0  anon$$obj.o ABSOLUTE
    __ARM_use_no_argv                        0x00000000   Number         0  main.o ABSOLUTE
    __ARM_exceptions_init                     - Undefined Weak Reference
    __alloca_initialize                       - Undefined Weak Reference
    __arm_fini_                               - Undefined Weak Reference
    __arm_preinit_                            - Undefined Weak Reference
    __cpp_initialize__aeabi_                  - Undefined Weak Reference
    __cxa_finalize                            - Undefined Weak Reference
    __rt_locale                               - Undefined Weak Reference
    __sigvec_lookup                           - Undefined Weak Reference
    _atexit_init                              - Undefined Weak Reference
    _call_atexit_fns                          - Undefined Weak Reference
    _clock_init                               - Undefined Weak Reference
    _fp_trap_init                             - Undefined Weak Reference
    _fp_trap_shutdown                         - Undefined Weak Reference
    _get_lc_collate                           - Undefined Weak Reference
    _get_lc_ctype                             - Undefined Weak Reference
    _get_lc_monetary                          - Undefined Weak Reference
    _get_lc_numeric                           - Undefined Weak Reference
    _get_lc_time                              - Undefined Weak Reference
    _getenv_init                              - Undefined Weak Reference
    _handle_redirection                       - Undefined Weak Reference
    _init_alloc                               - Undefined Weak Reference
    _init_user_alloc                          - Undefined Weak Reference
    _initio                                   - Undefined Weak Reference
    _rand_init                                - Undefined Weak Reference
    _signal_finish                            - Undefined Weak Reference
    _signal_init                              - Undefined Weak Reference
    _terminate_alloc                          - Undefined Weak Reference
    _terminate_user_alloc                     - Undefined Weak Reference
    _terminateio                              - Undefined Weak Reference
    __Vectors_Size                           0x000000ec   Number         0  cortex-m3-start.o ABSOLUTE
    __Vectors                                0x08000000   Data           4  cortex-m3-start.o(RESET)
    __Vectors_End                            0x080000ec   Data           0  cortex-m3-start.o(RESET)
    __main                                   0x080000ed   Thumb Code     8  __main.o(!!!main)
    __scatterload                            0x080000f5   Thumb Code     0  __scatter.o(!!!scatter)
    __scatterload_rt2                        0x080000f5   Thumb Code    44  __scatter.o(!!!scatter)
    __scatterload_rt2_thumb_only             0x080000f5   Thumb Code     0  __scatter.o(!!!scatter)
    __scatterload_null                       0x08000103   Thumb Code     0  __scatter.o(!!!scatter)
    __scatterload_copy                       0x08000129   Thumb Code    26  __scatter_copy.o(!!handler_copy)
    __scatterload_zeroinit                   0x08000145   Thumb Code    28  __scatter_zi.o(!!handler_zi)
    __rt_lib_init                            0x08000161   Thumb Code     0  libinit.o(.ARM.Collect$$libinit$$00000000)
    __rt_lib_init_alloca_1                   0x08000163   Thumb Code     0  libinit2.o(.ARM.Collect$$libinit$$0000002E)
    __rt_lib_init_argv_1                     0x08000163   Thumb Code     0  libinit2.o(.ARM.Collect$$libinit$$0000002C)
    __rt_lib_init_atexit_1                   0x08000163   Thumb Code     0  libinit2.o(.ARM.Collect$$libinit$$0000001B)
    __rt_lib_init_clock_1                    0x08000163   Thumb Code     0  libinit2.o(.ARM.Collect$$libinit$$00000021)
    __rt_lib_init_cpp_1                      0x08000163   Thumb Code     0  libinit2.o(.ARM.Collect$$libinit$$00000032)
    __rt_lib_init_exceptions_1               0x08000163   Thumb Code     0  libinit2.o(.ARM.Collect$$libinit$$00000030)
    __rt_lib_init_fp_1                       0x08000163   Thumb Code     0  libinit2.o(.ARM.Collect$$libinit$$00000002)
    __rt_lib_init_fp_trap_1                  0x08000163   Thumb Code     0  libinit2.o(.ARM.Collect$$libinit$$0000001F)
    __rt_lib_init_getenv_1                   0x08000163   Thumb Code     0  libinit2.o(.ARM.Collect$$libinit$$00000023)
    __rt_lib_init_heap_1                     0x08000163   Thumb Code     0  libinit2.o(.ARM.Collect$$libinit$$0000000A)
    __rt_lib_init_lc_collate_1               0x08000163   Thumb Code     0  libinit2.o(.ARM.Collect$$libinit$$00000011)
    __rt_lib_init_lc_ctype_1                 0x08000163   Thumb Code     0  libinit2.o(.ARM.Collect$$libinit$$00000013)
    __rt_lib_init_lc_monetary_1              0x08000163   Thumb Code     0  libinit2.o(.ARM.Collect$$libinit$$00000015)
    __rt_lib_init_lc_numeric_1               0x08000163   Thumb Code     0  libinit2.o(.ARM.Collect$$libinit$$00000017)
    __rt_lib_init_lc_time_1                  0x08000163   Thumb Code     0  libinit2.o(.ARM.Collect$$libinit$$00000019)
    __rt_lib_init_preinit_1                  0x08000163   Thumb Code     0  libinit2.o(.ARM.Collect$$libinit$$00000004)
    __rt_lib_init_rand_1                     0x08000163   Thumb Code     0  libinit2.o(.ARM.Collect$$libinit$$0000000E)
    __rt_lib_init_return                     0x08000163   Thumb Code     0  libinit2.o(.ARM.Collect$$libinit$$00000033)
    __rt_lib_init_signal_1                   0x08000163   Thumb Code     0  libinit2.o(.ARM.Collect$$libinit$$0000001D)
    __rt_lib_init_stdio_1                    0x08000163   Thumb Code     0  libinit2.o(.ARM.Collect$$libinit$$00000025)
    __rt_lib_init_user_alloc_1               0x08000163   Thumb Code     0  libinit2.o(.ARM.Collect$$libinit$$0000000C)
    __rt_lib_shutdown                        0x08000165   Thumb Code     0  libshutdown.o(.ARM.Collect$$libshutdown$$00000000)
    __rt_lib_shutdown_cpp_1                  0x08000167   Thumb Code     0  libshutdown2.o(.ARM.Collect$$libshutdown$$00000004)
    __rt_lib_shutdown_fini_1                 0x08000167   Thumb Code     0  libshutdown2.o(.ARM.Collect$$libshutdown$$00000002)
    __rt_lib_shutdown_fp_trap_1              0x08000167   Thumb Code     0  libshutdown2.o(.ARM.Collect$$libshutdown$$00000009)
    __rt_lib_shutdown_heap_1                 0x08000167   Thumb Code     0  libshutdown2.o(.ARM.Collect$$libshutdown$$00000011)
    __rt_lib_shutdown_return                 0x08000167   Thumb Code     0  libshutdown2.o(.ARM.Collect$$libshutdown$$00000012)
    __rt_lib_shutdown_signal_1               0x08000167   Thumb Code     0  libshutdown2.o(.ARM.Collect$$libshutdown$$0000000C)
    __rt_lib_shutdown_stdio_1                0x08000167   Thumb Code     0  libshutdown2.o(.ARM.Collect$$libshutdown$$00000006)
    __rt_lib_shutdown_user_alloc_1           0x08000167   Thumb Code     0  libshutdown2.o(.ARM.Collect$$libshutdown$$0000000E)
    __rt_entry                               0x08000169   Thumb Code     0  __rtentry.o(.ARM.Collect$$rtentry$$00000000)
    __rt_entry_presh_1                       0x08000169   Thumb Code     0  __rtentry2.o(.ARM.Collect$$rtentry$$00000002)
    __rt_entry_sh                            0x08000169   Thumb Code     0  __rtentry4.o(.ARM.Collect$$rtentry$$00000004)
    __rt_entry_li                            0x0800016f   Thumb Code     0  __rtentry2.o(.ARM.Collect$$rtentry$$0000000A)
    __rt_entry_postsh_1                      0x0800016f   Thumb Code     0  __rtentry2.o(.ARM.Collect$$rtentry$$00000009)
    __rt_entry_main                          0x08000173   Thumb Code     0  __rtentry2.o(.ARM.Collect$$rtentry$$0000000D)
    __rt_entry_postli_1                      0x08000173   Thumb Code     0  __rtentry2.o(.ARM.Collect$$rtentry$$0000000C)
    __rt_exit                                0x0800017b   Thumb Code     0  rtexit.o(.ARM.Collect$$rtexit$$00000000)
    __rt_exit_ls                             0x0800017d   Thumb Code     0  rtexit2.o(.ARM.Collect$$rtexit$$00000003)
    __rt_exit_prels_1                        0x0800017d   Thumb Code     0  rtexit2.o(.ARM.Collect$$rtexit$$00000002)
    __rt_exit_exit                           0x08000181   Thumb Code     0  rtexit2.o(.ARM.Collect$$rtexit$$00000004)
    Reset_Handler                            0x08000189   Thumb Code     8  cortex-m3-start.o(.text)
    NMI_Handler                              0x08000191   Thumb Code     2  cortex-m3-start.o(.text)
    HardFault_Handler                        0x08000193   Thumb Code     2  cortex-m3-start.o(.text)
    MemManage_Handler                        0x08000195   Thumb Code     2  cortex-m3-start.o(.text)
    BusFault_Handler                         0x08000197   Thumb Code     2  cortex-m3-start.o(.text)
    UsageFault_Handler                       0x08000199   Thumb Code     2  cortex-m3-start.o(.text)
    SVC_Handler                              0x0800019b   Thumb Code     2  cortex-m3-start.o(.text)
    DebugMon_Handler                         0x0800019d   Thumb Code     2  cortex-m3-start.o(.text)
    PendSV_Handler                           0x0800019f   Thumb Code     2  cortex-m3-start.o(.text)
    ADC1_2_IRQHandler                        0x080001a3   Thumb Code     0  cortex-m3-start.o(.text)
    CAN1_RX1_IRQHandler                      0x080001a3   Thumb Code     0  cortex-m3-start.o(.text)
    CAN1_SCE_IRQHandler                      0x080001a3   Thumb Code     0  cortex-m3-start.o(.text)
    DMA1_Channel1_IRQHandler                 0x080001a3   Thumb Code     0  cortex-m3-start.o(.text)
    DMA1_Channel2_IRQHandler                 0x080001a3   Thumb Code     0  cortex-m3-start.o(.text)
    DMA1_Channel3_IRQHandler                 0x080001a3   Thumb Code     0  cortex-m3-start.o(.text)
    DMA1_Channel4_IRQHandler                 0x080001a3   Thumb Code     0  cortex-m3-start.o(.text)
    DMA1_Channel5_IRQHandler                 0x080001a3   Thumb Code     0  cortex-m3-start.o(.text)
    DMA1_Channel6_IRQHandler                 0x080001a3   Thumb Code     0  cortex-m3-start.o(.text)
    DMA1_Channel7_IRQHandler                 0x080001a3   Thumb Code     0  cortex-m3-start.o(.text)
    EXTI0_IRQHandler                         0x080001a3   Thumb Code     0  cortex-m3-start.o(.text)
    EXTI15_10_IRQHandler                     0x080001a3   Thumb Code     0  cortex-m3-start.o(.text)
    EXTI1_IRQHandler                         0x080001a3   Thumb Code     0  cortex-m3-start.o(.text)
    EXTI2_IRQHandler                         0x080001a3   Thumb Code     0  cortex-m3-start.o(.text)
    EXTI3_IRQHandler                         0x080001a3   Thumb Code     0  cortex-m3-start.o(.text)
    EXTI4_IRQHandler                         0x080001a3   Thumb Code     0  cortex-m3-start.o(.text)
    EXTI9_5_IRQHandler                       0x080001a3   Thumb Code     0  cortex-m3-start.o(.text)
    FLASH_IRQHandler                         0x080001a3   Thumb Code     0  cortex-m3-start.o(.text)
    I2C1_ER_IRQHandler                       0x080001a3   Thumb Code     0  cortex-m3-start.o(.text)
    I2C1_EV_IRQHandler                       0x080001a3   Thumb Code     0  cortex-m3-start.o(.text)
    I2C2_ER_IRQHandler                       0x080001a3   Thumb Code     0  cortex-m3-start.o(.text)
    I2C2_EV_IRQHandler                       0x080001a3   Thumb Code     0  cortex-m3-start.o(.text)
    PVD_IRQHandler                           0x080001a3   Thumb Code     0  cortex-m3-start.o(.text)
    RCC_IRQHandler                           0x080001a3   Thumb Code     0  cortex-m3-start.o(.text)
    RTCAlarm_IRQHandler                      0x080001a3   Thumb Code     0  cortex-m3-start.o(.text)
    RTC_IRQHandler                           0x080001a3   Thumb Code     0  cortex-m3-start.o(.text)
    SPI1_IRQHandler                          0x080001a3   Thumb Code     0  cortex-m3-start.o(.text)
    SPI2_IRQHandler                          0x080001a3   Thumb Code     0  cortex-m3-start.o(.text)
    TAMPER_IRQHandler                        0x080001a3   Thumb Code     0  cortex-m3-start.o(.text)
    TIM1_BRK_IRQHandler                      0x080001a3   Thumb Code     0  cortex-m3-start.o(.text)
    TIM1_CC_IRQHandler                       0x080001a3   Thumb Code     0  cortex-m3-start.o(.text)
    TIM1_TRG_COM_IRQHandler                  0x080001a3   Thumb Code     0  cortex-m3-start.o(.text)
    TIM1_UP_IRQHandler                       0x080001a3   Thumb Code     0  cortex-m3-start.o(.text)
    TIM3_IRQHandler                          0x080001a3   Thumb Code     0  cortex-m3-start.o(.text)
    TIM4_IRQHandler                          0x080001a3   Thumb Code     0  cortex-m3-start.o(.text)
    USBWakeUp_IRQHandler                     0x080001a3   Thumb Code     0  cortex-m3-start.o(.text)
    USB_HP_CAN1_TX_IRQHandler                0x080001a3   Thumb Code     0  cortex-m3-start.o(.text)
    WWDG_IRQHandler                          0x080001a3   Thumb Code     0  cortex-m3-start.o(.text)
    __user_initial_stackheap                 0x080001a5   Thumb Code     0  cortex-m3-start.o(.text)
    strcpy                                   0x080001c9   Thumb Code    72  strcpy.o(.text)
    __aeabi_memcpy                           0x08000211   Thumb Code     0  rt_memcpy_v6.o(.text)
    __rt_memcpy                              0x08000211   Thumb Code   138  rt_memcpy_v6.o(.text)
    _memcpy_lastbytes                        0x08000277   Thumb Code     0  rt_memcpy_v6.o(.text)
    __aeabi_memcpy4                          0x0800029b   Thumb Code     0  rt_memcpy_w.o(.text)
    __aeabi_memcpy8                          0x0800029b   Thumb Code     0  rt_memcpy_w.o(.text)
    __rt_memcpy_w                            0x0800029b   Thumb Code   100  rt_memcpy_w.o(.text)
    _memcpy_lastbytes_aligned                0x080002e3   Thumb Code     0  rt_memcpy_w.o(.text)
    __user_setup_stackheap                   0x080002ff   Thumb Code    74  sys_stackheap_outer.o(.text)
    exit                                     0x08000349   Thumb Code    18  exit.o(.text)
    __user_libspace                          0x0800035d   Thumb Code     8  libspace.o(.text)
    __user_perproc_libspace                  0x0800035d   Thumb Code     0  libspace.o(.text)
    __user_perthread_libspace                0x0800035d   Thumb Code     0  libspace.o(.text)
    CAN_Rx_Msg                               0x08000365   Thumb Code   208  can.o(i.CAN_Rx_Msg)
    CAN_Send_Msg                             0x0800043d   Thumb Code    64  can.o(i.CAN_Send_Msg)
    CAN_Tx_Msg                               0x08000481   Thumb Code   260  can.o(i.CAN_Tx_Msg)
    CAN_Tx_Staus                             0x0800058d   Thumb Code   126  can.o(i.CAN_Tx_Staus)
    Delay_N_ms                               0x08000611   Thumb Code    26  delay.o(i.Delay_N_ms)
    Device_Init                              0x0800062d   Thumb Code    56  device.o(i.Device_Init)
    GPIO_Init                                0x08000671   Thumb Code    64  gpio.o(i.GPIO_Init)
    NVIC_Configuration                       0x080006b1   Thumb Code     8  system.o(i.NVIC_Configuration)
    SEGGER_RTT_Init                          0x080006c1   Thumb Code     8  segger_rtt.o(i.SEGGER_RTT_Init)
    SEGGER_RTT_Write                         0x080006c9   Thumb Code    68  segger_rtt.o(i.SEGGER_RTT_Write)
    SEGGER_RTT_WriteNoLock                   0x08000711   Thumb Code   126  segger_rtt.o(i.SEGGER_RTT_WriteNoLock)
    SEGGER_RTT_printf                        0x08000795   Thumb Code    34  segger_rtt_printf.o(i.SEGGER_RTT_printf)
    SEGGER_RTT_vprintf                       0x080007b7   Thumb Code   522  segger_rtt_printf.o(i.SEGGER_RTT_vprintf)
    SysTick_Handler                          0x080009c1   Thumb Code   294  interrupt.o(i.SysTick_Handler)
    SysTick_Init                             0x08000b05   Thumb Code    28  system.o(i.SysTick_Init)
    System_Init                              0x08000b25   Thumb Code   106  system.o(i.System_Init)
    System_Reset                             0x08000b99   Thumb Code    18  system.o(i.System_Reset)
    TIM2_IRQHandler                          0x08000bb5   Thumb Code    24  interrupt.o(i.TIM2_IRQHandler)
    TIM2_Init                                0x08000bcd   Thumb Code    54  timer.o(i.TIM2_Init)
    USART1_IRQHandler                        0x08000c11   Thumb Code   188  interrupt.o(i.USART1_IRQHandler)
    USART1_Init                              0x08000cd5   Thumb Code   240  usart.o(i.USART1_Init)
    USART2_IRQHandler                        0x08000ddd   Thumb Code   188  interrupt.o(i.USART2_IRQHandler)
    USART2_Init                              0x08000ea1   Thumb Code   240  usart.o(i.USART2_Init)
    USART3_IRQHandler                        0x08000fa9   Thumb Code   188  interrupt.o(i.USART3_IRQHandler)
    USART3_Init                              0x0800106d   Thumb Code   240  usart.o(i.USART3_Init)
    USB_LP_CAN1_RX0_IRQHandler               0x08001175   Thumb Code    38  can.o(i.USB_LP_CAN1_RX0_IRQHandler)
    _sys_exit                                0x08001513   Thumb Code     4  usart.o(i._sys_exit)
    main                                     0x08001519   Thumb Code   134  main.o(i.main)
    Region$$Table$$Base                      0x080015e4   Number         0  anon$$obj.o(Region$$Table)
    Region$$Table$$Limit                     0x08001604   Number         0  anon$$obj.o(Region$$Table)
    num                                      0x20000000   Data           4  main.o(.ARM.__AT_0x20000000)
    SystemHeartbeatCount                     0x20001000   Data           4  interrupt.o(.data)
    var                                      0x20001004   Data           4  main.o(.data)
    Usart1                                   0x20001008   Data        2058  usart.o(.bss)
    Usart2                                   0x20001812   Data        2058  usart.o(.bss)
    Usart3                                   0x2000201c   Data        2058  usart.o(.bss)
    _SEGGER_RTT                              0x20002828   Data         168  segger_rtt.o(.bss)
    __libspace_start                         0x20002ce0   Data          96  libspace.o(.bss)
    __temporary_stack_top$libspace           0x20002d40   Data           0  libspace.o(.bss)



==============================================================================

Memory Map of the image

  Image Entry point : 0x080000ed

  Load Region LR_IROM1 (Base: 0x08000000, Size: 0x0000160c, Max: 0x00010000, ABSOLUTE)

    Execution Region ER_IROM1 (Exec base: 0x08000000, Load base: 0x08000000, Size: 0x00001604, Max: 0x00010000, ABSOLUTE)

    Exec Addr    Load Addr    Size         Type   Attr      Idx    E Section Name        Object

    0x08000000   0x08000000   0x000000ec   Data   RO            3    RESET               cortex-m3-start.o
    0x080000ec   0x080000ec   0x00000008   Code   RO         1283  * !!!main             c_w.l(__main.o)
    0x080000f4   0x080000f4   0x00000034   Code   RO         1440    !!!scatter          c_w.l(__scatter.o)
    0x08000128   0x08000128   0x0000001a   Code   RO         1442    !!handler_copy      c_w.l(__scatter_copy.o)
    0x08000142   0x08000142   0x00000002   PAD
    0x08000144   0x08000144   0x0000001c   Code   RO         1444    !!handler_zi        c_w.l(__scatter_zi.o)
    0x08000160   0x08000160   0x00000002   Code   RO         1312    .ARM.Collect$$libinit$$00000000  c_w.l(libinit.o)
    0x08000162   0x08000162   0x00000000   Code   RO         1319    .ARM.Collect$$libinit$$00000002  c_w.l(libinit2.o)
    0x08000162   0x08000162   0x00000000   Code   RO         1321    .ARM.Collect$$libinit$$00000004  c_w.l(libinit2.o)
    0x08000162   0x08000162   0x00000000   Code   RO         1324    .ARM.Collect$$libinit$$0000000A  c_w.l(libinit2.o)
    0x08000162   0x08000162   0x00000000   Code   RO         1326    .ARM.Collect$$libinit$$0000000C  c_w.l(libinit2.o)
    0x08000162   0x08000162   0x00000000   Code   RO         1328    .ARM.Collect$$libinit$$0000000E  c_w.l(libinit2.o)
    0x08000162   0x08000162   0x00000000   Code   RO         1331    .ARM.Collect$$libinit$$00000011  c_w.l(libinit2.o)
    0x08000162   0x08000162   0x00000000   Code   RO         1333    .ARM.Collect$$libinit$$00000013  c_w.l(libinit2.o)
    0x08000162   0x08000162   0x00000000   Code   RO         1335    .ARM.Collect$$libinit$$00000015  c_w.l(libinit2.o)
    0x08000162   0x08000162   0x00000000   Code   RO         1337    .ARM.Collect$$libinit$$00000017  c_w.l(libinit2.o)
    0x08000162   0x08000162   0x00000000   Code   RO         1339    .ARM.Collect$$libinit$$00000019  c_w.l(libinit2.o)
    0x08000162   0x08000162   0x00000000   Code   RO         1341    .ARM.Collect$$libinit$$0000001B  c_w.l(libinit2.o)
    0x08000162   0x08000162   0x00000000   Code   RO         1343    .ARM.Collect$$libinit$$0000001D  c_w.l(libinit2.o)
    0x08000162   0x08000162   0x00000000   Code   RO         1345    .ARM.Collect$$libinit$$0000001F  c_w.l(libinit2.o)
    0x08000162   0x08000162   0x00000000   Code   RO         1347    .ARM.Collect$$libinit$$00000021  c_w.l(libinit2.o)
    0x08000162   0x08000162   0x00000000   Code   RO         1349    .ARM.Collect$$libinit$$00000023  c_w.l(libinit2.o)
    0x08000162   0x08000162   0x00000000   Code   RO         1351    .ARM.Collect$$libinit$$00000025  c_w.l(libinit2.o)
    0x08000162   0x08000162   0x00000000   Code   RO         1355    .ARM.Collect$$libinit$$0000002C  c_w.l(libinit2.o)
    0x08000162   0x08000162   0x00000000   Code   RO         1357    .ARM.Collect$$libinit$$0000002E  c_w.l(libinit2.o)
    0x08000162   0x08000162   0x00000000   Code   RO         1359    .ARM.Collect$$libinit$$00000030  c_w.l(libinit2.o)
    0x08000162   0x08000162   0x00000000   Code   RO         1361    .ARM.Collect$$libinit$$00000032  c_w.l(libinit2.o)
    0x08000162   0x08000162   0x00000002   Code   RO         1362    .ARM.Collect$$libinit$$00000033  c_w.l(libinit2.o)
    0x08000164   0x08000164   0x00000002   Code   RO         1380    .ARM.Collect$$libshutdown$$00000000  c_w.l(libshutdown.o)
    0x08000166   0x08000166   0x00000000   Code   RO         1390    .ARM.Collect$$libshutdown$$00000002  c_w.l(libshutdown2.o)
    0x08000166   0x08000166   0x00000000   Code   RO         1392    .ARM.Collect$$libshutdown$$00000004  c_w.l(libshutdown2.o)
    0x08000166   0x08000166   0x00000000   Code   RO         1394    .ARM.Collect$$libshutdown$$00000006  c_w.l(libshutdown2.o)
    0x08000166   0x08000166   0x00000000   Code   RO         1397    .ARM.Collect$$libshutdown$$00000009  c_w.l(libshutdown2.o)
    0x08000166   0x08000166   0x00000000   Code   RO         1400    .ARM.Collect$$libshutdown$$0000000C  c_w.l(libshutdown2.o)
    0x08000166   0x08000166   0x00000000   Code   RO         1402    .ARM.Collect$$libshutdown$$0000000E  c_w.l(libshutdown2.o)
    0x08000166   0x08000166   0x00000000   Code   RO         1405    .ARM.Collect$$libshutdown$$00000011  c_w.l(libshutdown2.o)
    0x08000166   0x08000166   0x00000002   Code   RO         1406    .ARM.Collect$$libshutdown$$00000012  c_w.l(libshutdown2.o)
    0x08000168   0x08000168   0x00000000   Code   RO         1285    .ARM.Collect$$rtentry$$00000000  c_w.l(__rtentry.o)
    0x08000168   0x08000168   0x00000000   Code   RO         1289    .ARM.Collect$$rtentry$$00000002  c_w.l(__rtentry2.o)
    0x08000168   0x08000168   0x00000006   Code   RO         1301    .ARM.Collect$$rtentry$$00000004  c_w.l(__rtentry4.o)
    0x0800016e   0x0800016e   0x00000000   Code   RO         1291    .ARM.Collect$$rtentry$$00000009  c_w.l(__rtentry2.o)
    0x0800016e   0x0800016e   0x00000004   Code   RO         1292    .ARM.Collect$$rtentry$$0000000A  c_w.l(__rtentry2.o)
    0x08000172   0x08000172   0x00000000   Code   RO         1294    .ARM.Collect$$rtentry$$0000000C  c_w.l(__rtentry2.o)
    0x08000172   0x08000172   0x00000008   Code   RO         1295    .ARM.Collect$$rtentry$$0000000D  c_w.l(__rtentry2.o)
    0x0800017a   0x0800017a   0x00000002   Code   RO         1316    .ARM.Collect$$rtexit$$00000000  c_w.l(rtexit.o)
    0x0800017c   0x0800017c   0x00000000   Code   RO         1364    .ARM.Collect$$rtexit$$00000002  c_w.l(rtexit2.o)
    0x0800017c   0x0800017c   0x00000004   Code   RO         1365    .ARM.Collect$$rtexit$$00000003  c_w.l(rtexit2.o)
    0x08000180   0x08000180   0x00000006   Code   RO         1366    .ARM.Collect$$rtexit$$00000004  c_w.l(rtexit2.o)
    0x08000186   0x08000186   0x00000002   PAD
    0x08000188   0x08000188   0x00000040   Code   RO            4    .text               cortex-m3-start.o
    0x080001c8   0x080001c8   0x00000048   Code   RO         1277    .text               c_w.l(strcpy.o)
    0x08000210   0x08000210   0x0000008a   Code   RO         1281    .text               c_w.l(rt_memcpy_v6.o)
    0x0800029a   0x0800029a   0x00000064   Code   RO         1286    .text               c_w.l(rt_memcpy_w.o)
    0x080002fe   0x080002fe   0x0000004a   Code   RO         1303    .text               c_w.l(sys_stackheap_outer.o)
    0x08000348   0x08000348   0x00000012   Code   RO         1305    .text               c_w.l(exit.o)
    0x0800035a   0x0800035a   0x00000002   PAD
    0x0800035c   0x0800035c   0x00000008   Code   RO         1313    .text               c_w.l(libspace.o)
    0x08000364   0x08000364   0x000000d8   Code   RO          126    i.CAN_Rx_Msg        can.o
    0x0800043c   0x0800043c   0x00000044   Code   RO          127    i.CAN_Send_Msg      can.o
    0x08000480   0x08000480   0x0000010c   Code   RO          128    i.CAN_Tx_Msg        can.o
    0x0800058c   0x0800058c   0x00000084   Code   RO          129    i.CAN_Tx_Staus      can.o
    0x08000610   0x08000610   0x0000001a   Code   RO          184    i.Delay_N_ms        delay.o
    0x0800062a   0x0800062a   0x00000002   PAD
    0x0800062c   0x0800062c   0x00000044   Code   RO          724    i.Device_Init       device.o
    0x08000670   0x08000670   0x00000040   Code   RO          268    i.GPIO_Init         gpio.o
    0x080006b0   0x080006b0   0x00000010   Code   RO          281    i.NVIC_Configuration  system.o
    0x080006c0   0x080006c0   0x00000008   Code   RO         1018    i.SEGGER_RTT_Init   segger_rtt.o
    0x080006c8   0x080006c8   0x00000048   Code   RO         1033    i.SEGGER_RTT_Write  segger_rtt.o
    0x08000710   0x08000710   0x00000084   Code   RO         1036    i.SEGGER_RTT_WriteNoLock  segger_rtt.o
    0x08000794   0x08000794   0x00000022   Code   RO         1241    i.SEGGER_RTT_printf  segger_rtt_printf.o
    0x080007b6   0x080007b6   0x0000020a   Code   RO         1242    i.SEGGER_RTT_vprintf  segger_rtt_printf.o
    0x080009c0   0x080009c0   0x00000144   Code   RO           10    i.SysTick_Handler   interrupt.o
    0x08000b04   0x08000b04   0x00000020   Code   RO          282    i.SysTick_Init      system.o
    0x08000b24   0x08000b24   0x00000074   Code   RO          283    i.System_Init       system.o
    0x08000b98   0x08000b98   0x0000001c   Code   RO          284    i.System_Reset      system.o
    0x08000bb4   0x08000bb4   0x00000018   Code   RO           11    i.TIM2_IRQHandler   interrupt.o
    0x08000bcc   0x08000bcc   0x00000044   Code   RO          332    i.TIM2_Init         timer.o
    0x08000c10   0x08000c10   0x000000c4   Code   RO           12    i.USART1_IRQHandler  interrupt.o
    0x08000cd4   0x08000cd4   0x00000108   Code   RO          427    i.USART1_Init       usart.o
    0x08000ddc   0x08000ddc   0x000000c4   Code   RO           13    i.USART2_IRQHandler  interrupt.o
    0x08000ea0   0x08000ea0   0x00000108   Code   RO          432    i.USART2_Init       usart.o
    0x08000fa8   0x08000fa8   0x000000c4   Code   RO           14    i.USART3_IRQHandler  interrupt.o
    0x0800106c   0x0800106c   0x00000108   Code   RO          437    i.USART3_Init       usart.o
    0x08001174   0x08001174   0x00000026   Code   RO          130    i.USB_LP_CAN1_RX0_IRQHandler  can.o
    0x0800119a   0x0800119a   0x00000002   PAD
    0x0800119c   0x0800119c   0x00000070   Code   RO         1040    i._DoInit           segger_rtt.o
    0x0800120c   0x0800120c   0x0000001c   Code   RO         1041    i._GetAvailWriteSpace  segger_rtt.o
    0x08001228   0x08001228   0x000000ec   Code   RO         1243    i._PrintInt         segger_rtt_printf.o
    0x08001314   0x08001314   0x000000ec   Code   RO         1244    i._PrintUnsigned    segger_rtt_printf.o
    0x08001400   0x08001400   0x00000044   Code   RO         1245    i._StoreChar        segger_rtt_printf.o
    0x08001444   0x08001444   0x00000076   Code   RO         1043    i._WriteBlocking    segger_rtt.o
    0x080014ba   0x080014ba   0x00000058   Code   RO         1044    i._WriteNoCheck     segger_rtt.o
    0x08001512   0x08001512   0x00000004   Code   RO          443    i._sys_exit         usart.o
    0x08001516   0x08001516   0x00000002   PAD
    0x08001518   0x08001518   0x000000bc   Code   RO          957    i.main              main.o
    0x080015d4   0x080015d4   0x00000010   Data   RO         1246    .constdata          segger_rtt_printf.o
    0x080015e4   0x080015e4   0x00000020   Data   RO         1438    Region$$Table       anon$$obj.o


    Execution Region RW_IRAM1 (Exec base: 0x20000000, Load base: 0x08001604, Size: 0x00000004, Max: 0x00001000, ABSOLUTE, UNINIT)

    Exec Addr    Load Addr    Size         Type   Attr      Idx    E Section Name        Object

    0x20000000        -       0x00000004   Zero   RW          958    .ARM.__AT_0x20000000  main.o


    Execution Region RW_IRAM2 (Exec base: 0x20001000, Load base: 0x08001604, Size: 0x00002340, Max: 0x00004000, ABSOLUTE)

    Exec Addr    Load Addr    Size         Type   Attr      Idx    E Section Name        Object

    0x20001000   0x08001604   0x00000004   Data   RW           15    .data               interrupt.o
    0x20001004   0x08001608   0x00000004   Data   RW          959    .data               main.o
    0x20001008        -       0x0000181e   Zero   RW          446    .bss                usart.o
    0x20002826   0x0800160c   0x00000002   PAD
    0x20002828        -       0x000004b8   Zero   RW         1045    .bss                segger_rtt.o
    0x20002ce0        -       0x00000060   Zero   RW         1314    .bss                c_w.l(libspace.o)
    0x20002d40        -       0x00000200   Zero   RW            2    HEAP                cortex-m3-start.o
    0x20002f40        -       0x00000400   Zero   RW            1    STACK               cortex-m3-start.o


==============================================================================

Image component sizes


      Code (inc. data)   RO Data    RW Data    ZI Data      Debug   Object Name

       722         26          0          0          0       3721   can.o
        64         26        236          0       1536        832   cortex-m3-start.o
        26          0          0          0          0        509   delay.o
        68         12          0          0          0        474   device.o
        64          0          0          0          0        872   gpio.o
       936         54          0          4          0      18623   interrupt.o
       188         54          0          4          4       1341   main.o
       558         48          0          0       1208       9736   segger_rtt.o
      1096          6         16          0          0       5633   segger_rtt_printf.o
       192         32          0          0          0       1821   system.o
        68         14          0          0          0        516   timer.o
       796         72          0          0       6174       9021   usart.o

    ----------------------------------------------------------------------
      4784        344        284          8       8924      53099   Object Totals
         0          0         32          0          0          0   (incl. Generated)
         6          0          0          0          2          0   (incl. Padding)

    ----------------------------------------------------------------------

      Code (inc. data)   RO Data    RW Data    ZI Data      Debug   Library Member Name

         8          0          0          0          0         68   __main.o
         0          0          0          0          0          0   __rtentry.o
        12          0          0          0          0          0   __rtentry2.o
         6          0          0          0          0          0   __rtentry4.o
        52          8          0          0          0          0   __scatter.o
        26          0          0          0          0          0   __scatter_copy.o
        28          0          0          0          0          0   __scatter_zi.o
        18          0          0          0          0         80   exit.o
         2          0          0          0          0          0   libinit.o
         2          0          0          0          0          0   libinit2.o
         2          0          0          0          0          0   libshutdown.o
         2          0          0          0          0          0   libshutdown2.o
         8          4          0          0         96         68   libspace.o
       138          0          0          0          0         68   rt_memcpy_v6.o
       100          0          0          0          0         80   rt_memcpy_w.o
         2          0          0          0          0          0   rtexit.o
        10          0          0          0          0          0   rtexit2.o
        72          0          0          0          0         80   strcpy.o
        74          0          0          0          0         80   sys_stackheap_outer.o

    ----------------------------------------------------------------------
       568         12          0          0         96        524   Library Totals
         6          0          0          0          0          0   (incl. Padding)

    ----------------------------------------------------------------------

      Code (inc. data)   RO Data    RW Data    ZI Data      Debug   Library Name

       562         12          0          0         96        524   c_w.l

    ----------------------------------------------------------------------
       568         12          0          0         96        524   Library Totals

    ----------------------------------------------------------------------

==============================================================================


      Code (inc. data)   RO Data    RW Data    ZI Data      Debug   

      5352        356        284          8       9020      51851   Grand Totals
      5352        356        284          8       9020      51851   ELF Image Totals
      5352        356        284          8          0          0   ROM Totals

==============================================================================

    Total RO  Size (Code + RO Data)                 5636 (   5.50kB)
    Total RW  Size (RW Data + ZI Data)              9028 (   8.82kB)
    Total ROM Size (Code + RO Data + RW Data)       5644 (   5.51kB)

==============================================================================

